Archive member included because of file (symbol)

/home/mj/sat/bin/../lib/gcc/arm-none-eabi/4.8.3/../../../../arm-none-eabi/lib/armv7-m/libc.a(lib_a-exit.o)
                              /home/mj/sat/bin/../lib/gcc/arm-none-eabi/4.8.3/../../../../arm-none-eabi/lib/armv7-m/rdimon-crt0.o (exit)
/home/mj/sat/bin/../lib/gcc/arm-none-eabi/4.8.3/../../../../arm-none-eabi/lib/armv7-m/libc.a(lib_a-impure.o)
                              /home/mj/sat/bin/../lib/gcc/arm-none-eabi/4.8.3/../../../../arm-none-eabi/lib/armv7-m/libc.a(lib_a-exit.o) (_global_impure_ptr)
/home/mj/sat/bin/../lib/gcc/arm-none-eabi/4.8.3/../../../../arm-none-eabi/lib/armv7-m/libc.a(lib_a-init.o)
                              /home/mj/sat/bin/../lib/gcc/arm-none-eabi/4.8.3/../../../../arm-none-eabi/lib/armv7-m/rdimon-crt0.o (__libc_init_array)
/home/mj/sat/bin/../lib/gcc/arm-none-eabi/4.8.3/../../../../arm-none-eabi/lib/armv7-m/libc.a(lib_a-memset.o)
                              /home/mj/sat/bin/../lib/gcc/arm-none-eabi/4.8.3/../../../../arm-none-eabi/lib/armv7-m/rdimon-crt0.o (memset)
/home/mj/sat/bin/../lib/gcc/arm-none-eabi/4.8.3/../../../../arm-none-eabi/lib/armv7-m/libc.a(lib_a-__call_atexit.o)
                              /home/mj/sat/bin/../lib/gcc/arm-none-eabi/4.8.3/../../../../arm-none-eabi/lib/armv7-m/libc.a(lib_a-exit.o) (__call_exitprocs)
/home/mj/sat/bin/../lib/gcc/arm-none-eabi/4.8.3/../../../../arm-none-eabi/lib/armv7-m/libc.a(lib_a-atexit.o)
                              /home/mj/sat/bin/../lib/gcc/arm-none-eabi/4.8.3/../../../../arm-none-eabi/lib/armv7-m/libc.a(lib_a-__call_atexit.o) (atexit)
/home/mj/sat/bin/../lib/gcc/arm-none-eabi/4.8.3/../../../../arm-none-eabi/lib/armv7-m/libc.a(lib_a-fini.o)
                              /home/mj/sat/bin/../lib/gcc/arm-none-eabi/4.8.3/../../../../arm-none-eabi/lib/armv7-m/libc.a(lib_a-__call_atexit.o) (__libc_fini_array)
/home/mj/sat/bin/../lib/gcc/arm-none-eabi/4.8.3/../../../../arm-none-eabi/lib/armv7-m/libc.a(lib_a-__atexit.o)
                              /home/mj/sat/bin/../lib/gcc/arm-none-eabi/4.8.3/../../../../arm-none-eabi/lib/armv7-m/libc.a(lib_a-atexit.o) (__register_exitproc)
/home/mj/sat/bin/../lib/gcc/arm-none-eabi/4.8.3/../../../../arm-none-eabi/lib/armv7-m/librdimon.a(rdimon-syscalls.o)
                              /home/mj/sat/bin/../lib/gcc/arm-none-eabi/4.8.3/../../../../arm-none-eabi/lib/armv7-m/rdimon-crt0.o (initialise_monitor_handles)
/home/mj/sat/bin/../lib/gcc/arm-none-eabi/4.8.3/../../../../arm-none-eabi/lib/armv7-m/librdimon.a(rdimon-_exit.o)
                              /home/mj/sat/bin/../lib/gcc/arm-none-eabi/4.8.3/../../../../arm-none-eabi/lib/armv7-m/libc.a(lib_a-exit.o) (_exit)
/home/mj/sat/bin/../lib/gcc/arm-none-eabi/4.8.3/../../../../arm-none-eabi/lib/armv7-m/librdimon.a(rdimon-_kill.o)
                              /home/mj/sat/bin/../lib/gcc/arm-none-eabi/4.8.3/../../../../arm-none-eabi/lib/armv7-m/librdimon.a(rdimon-_exit.o) (_kill)
lib/libopencm3_stm32f1.a(gpio.o)
                              obj/main.o (gpio_set_mode)
lib/libopencm3_stm32f1.a(timer_common_all.o)
                              obj/main.o (timer_reset)
lib/libopencm3_stm32f1.a(rcc_common_all.o)
                              obj/main.o (rcc_peripheral_enable_clock)
/home/mj/sat/bin/../lib/gcc/arm-none-eabi/4.8.3/../../../../arm-none-eabi/lib/armv7-m/libg.a(lib_a-errno.o)
                              /home/mj/sat/bin/../lib/gcc/arm-none-eabi/4.8.3/../../../../arm-none-eabi/lib/armv7-m/librdimon.a(rdimon-syscalls.o) (__errno)
/home/mj/sat/bin/../lib/gcc/arm-none-eabi/4.8.3/../../../../arm-none-eabi/lib/armv7-m/libg.a(lib_a-findfp.o)
                              /home/mj/sat/bin/../lib/gcc/arm-none-eabi/4.8.3/../../../../arm-none-eabi/lib/armv7-m/librdimon.a(rdimon-syscalls.o) (__sinit)
/home/mj/sat/bin/../lib/gcc/arm-none-eabi/4.8.3/../../../../arm-none-eabi/lib/armv7-m/libg.a(lib_a-fwalk.o)
                              /home/mj/sat/bin/../lib/gcc/arm-none-eabi/4.8.3/../../../../arm-none-eabi/lib/armv7-m/libg.a(lib_a-findfp.o) (_fwalk)
/home/mj/sat/bin/../lib/gcc/arm-none-eabi/4.8.3/../../../../arm-none-eabi/lib/armv7-m/libg.a(lib_a-mallocr.o)
                              /home/mj/sat/bin/../lib/gcc/arm-none-eabi/4.8.3/../../../../arm-none-eabi/lib/armv7-m/libg.a(lib_a-findfp.o) (_malloc_r)
/home/mj/sat/bin/../lib/gcc/arm-none-eabi/4.8.3/../../../../arm-none-eabi/lib/armv7-m/libg.a(lib_a-mlock.o)
                              /home/mj/sat/bin/../lib/gcc/arm-none-eabi/4.8.3/../../../../arm-none-eabi/lib/armv7-m/libg.a(lib_a-mallocr.o) (__malloc_lock)
/home/mj/sat/bin/../lib/gcc/arm-none-eabi/4.8.3/../../../../arm-none-eabi/lib/armv7-m/libg.a(lib_a-puts.o)
                              obj/main.o (puts)
/home/mj/sat/bin/../lib/gcc/arm-none-eabi/4.8.3/../../../../arm-none-eabi/lib/armv7-m/libg.a(lib_a-sbrkr.o)
                              /home/mj/sat/bin/../lib/gcc/arm-none-eabi/4.8.3/../../../../arm-none-eabi/lib/armv7-m/libg.a(lib_a-mallocr.o) (_sbrk_r)
[...]
Memory Configuration

Name             Origin             Length             Attributes
RAM              0x20000000         0x00002000         xrw
FLASH            0x08000000         0x00020000         xr
*default*        0x00000000         0xffffffff

Linker script and memory map

LOAD /home/mj/sat/bin/../lib/gcc/arm-none-eabi/4.8.3/armv7-m/crti.o
LOAD /home/mj/sat/bin/../lib/gcc/arm-none-eabi/4.8.3/armv7-m/crtbegin.o
LOAD /home/mj/sat/bin/../lib/gcc/arm-none-eabi/4.8.3/../../../../arm-none-eabi/lib/armv7-m/rdimon-crt0.o
LOAD /home/mj/sat/bin/../lib/gcc/arm-none-eabi/4.8.3/../../../../arm-none-eabi/lib/armv7-m/libc.a
LOAD /home/mj/sat/bin/../lib/gcc/arm-none-eabi/4.8.3/../../../../arm-none-eabi/lib/armv7-m/librdimon.a
LOAD obj/exceptions.o
LOAD obj/hardfault_debug.o
LOAD obj/main.o
LOAD obj/misc.o
LOAD obj/stm32f10x_gpio.o
LOAD obj/stm32f10x_rcc.o
LOAD obj/stm32f10x_tim.o
LOAD obj/system_stm32f10x.o
LOAD obj/startup.o
LOAD lib/libopencm3_stm32f1.a
START GROUP
LOAD /home/mj/sat/bin/../lib/gcc/arm-none-eabi/4.8.3/armv7-m/libgcc.a
LOAD /home/mj/sat/bin/../lib/gcc/arm-none-eabi/4.8.3/../../../../arm-none-eabi/lib/armv7-m/libg.a
LOAD /home/mj/sat/bin/../lib/gcc/arm-none-eabi/4.8.3/../../../../arm-none-eabi/lib/armv7-m/libc.a
END GROUP
START GROUP
LOAD /home/mj/sat/bin/../lib/gcc/arm-none-eabi/4.8.3/armv7-m/libgcc.a
LOAD /home/mj/sat/bin/../lib/gcc/arm-none-eabi/4.8.3/../../../../arm-none-eabi/lib/armv7-m/libc.a
LOAD /home/mj/sat/bin/../lib/gcc/arm-none-eabi/4.8.3/../../../../arm-none-eabi/lib/armv7-m/librdimon.a
END GROUP
LOAD /home/mj/sat/bin/../lib/gcc/arm-none-eabi/4.8.3/armv7-m/crtend.o
LOAD /home/mj/sat/bin/../lib/gcc/arm-none-eabi/4.8.3/armv7-m/crtn.o
                0x20002000                _estack = 0x20002000
                0x00000000                . = 0x0

.isr_vector     0x20000000      0x1d0 load address 0x08000000
                0x20000000                . = ALIGN (0x200)
                0x08000000                __isr_vector_load = LOADADDR (.isr_vector)
                0x20000000                __isr_vector_start = .
 *(.isr_vector)
 .isr_vector    0x20000000      0x1d0 obj/startup.o
                0x20000000                g_pfnVectors
                0x200001d0                . = ALIGN (0x4)
                0x200001d0                __isr_vector_end = .

.eh_frame       0x200001d0        0x4 load address 0x080001d0
 .eh_frame      0x200001d0        0x0 /home/mj/sat/bin/../lib/gcc/arm-none-eabi/4.8.3/armv7-m/crtbegin.o
 .eh_frame      0x200001d0        0x4 /home/mj/sat/bin/../lib/gcc/arm-none-eabi/4.8.3/armv7-m/crtend.o

.ARM.extab      0x200001d4        0x0 load address 0x080001d4
 .ARM.extab     0x200001d4        0x0 /home/mj/sat/bin/../lib/gcc/arm-none-eabi/4.8.3/../../../../arm-none-eabi/lib/armv7-m/rdimon-crt0.o

.ARM.exidx      0x200001d4        0x8 load address 0x080001d4
 .ARM.exidx     0x200001d4        0x8 /home/mj/sat/bin/../lib/gcc/arm-none-eabi/4.8.3/../../../../arm-none-eabi/lib/armv7-m/rdimon-crt0.o

.text           0x080001dc     0x63e4
 *(.text)
 .text          0x080001dc        0x0 /home/mj/sat/bin/../lib/gcc/arm-none-eabi/4.8.3/armv7-m/crti.o
 .text          0x080001dc       0x54 /home/mj/sat/bin/../lib/gcc/arm-none-eabi/4.8.3/armv7-m/crtbegin.o
 .text          0x08000230       0xdc /home/mj/sat/bin/../lib/gcc/arm-none-eabi/4.8.3/../../../../arm-none-eabi/lib/armv7-m/rdimon-crt0.o
                0x08000230                _mainCRTStartup
                0x08000230                _start
 .text          0x0800030c        0x0 /home/mj/sat/bin/../lib/gcc/arm-none-eabi/4.8.3/../../../../arm-none-eabi/lib/armv7-m/libc.a(lib_a-exit.o)
 .text          0x0800030c        0x0 /home/mj/sat/bin/../lib/gcc/arm-none-eabi/4.8.3/../../../../arm-none-eabi/lib/armv7-m/libc.a(lib_a-impure.o)
 .text          0x0800030c        0x0 /home/mj/sat/bin/../lib/gcc/arm-none-eabi/4.8.3/../../../../arm-none-eabi/lib/armv7-m/libc.a(lib_a-init.o)
 .text          0x0800030c        0x0 /home/mj/sat/bin/../lib/gcc/arm-none-eabi/4.8.3/../../../../arm-none-eabi/lib/armv7-m/libc.a(lib_a-memset.o)
 .text          0x0800030c        0x0 /home/mj/sat/bin/../lib/gcc/arm-none-eabi/4.8.3/../../../../arm-none-eabi/lib/armv7-m/libc.a(lib_a-__call_atexit.o)
 .text          0x0800030c        0x0 /home/mj/sat/bin/../lib/gcc/arm-none-eabi/4.8.3/../../../../arm-none-eabi/lib/armv7-m/libc.a(lib_a-atexit.o)
 .text          0x0800030c        0x0 /home/mj/sat/bin/../lib/gcc/arm-none-eabi/4.8.3/../../../../arm-none-eabi/lib/armv7-m/libc.a(lib_a-fini.o)
 .text          0x0800030c        0x0 /home/mj/sat/bin/../lib/gcc/arm-none-eabi/4.8.3/../../../../arm-none-eabi/lib/armv7-m/libc.a(lib_a-__atexit.o)
 .text          0x0800030c        0x0 /home/mj/sat/bin/../lib/gcc/arm-none-eabi/4.8.3/../../../../arm-none-eabi/lib/armv7-m/librdimon.a(rdimon-syscalls.o)
 .text          0x0800030c        0x0 /home/mj/sat/bin/../lib/gcc/arm-none-eabi/4.8.3/../../../../arm-none-eabi/lib/armv7-m/librdimon.a(rdimon-_exit.o)
 .text          0x0800030c        0x0 /home/mj/sat/bin/../lib/gcc/arm-none-eabi/4.8.3/../../../../arm-none-eabi/lib/armv7-m/librdimon.a(rdimon-_kill.o)
 .text          0x0800030c       0x6c obj/exceptions.o
                0x0800030c                NMI_Handler
                0x08000318                HardFault_Handler
                0x08000320                MemManage_Handler
                0x08000328                BusFault_Handler
                0x08000330                UsageFault_Handler
                0x08000338                SVC_Handler
                0x08000344                DebugMon_Handler
                0x08000350                PendSV_Handler
                0x0800035c                SysTick_Handler
 .text          0x08000378        0x0 obj/hardfault_debug.o
 .text          0x08000378      0x478 obj/main.o
                0x08000378                cycleLed
                0x08000440                cycleLedOn
                0x080004b0                cycleLedOff
                0x08000520                main
                0x08000600                clock_init
                0x0800060c                gpio_init
                0x08000630                delay
                0x08000658                pwm_init_timer
                0x080006ac                pwm_init_output_channel
                0x08000704                pwm_set_pulse_width
                0x08000724                pwm_start_timer
                0x08000738                servo_init
                0x080007d0                servo_set_position
 .text          0x080007f0      0x188 obj/misc.o
                0x080007f0                NVIC_PriorityGroupConfig
                0x08000814                NVIC_Init
                0x080008d4                NVIC_SetVectorTable
                0x08000900                NVIC_SystemLPConfig
                0x08000940                SysTick_CLKSourceConfig
 .text          0x08000978      0x5e4 obj/stm32f10x_gpio.o
                0x08000978                GPIO_DeInit
                0x08000a5c                GPIO_AFIODeInit
                0x08000a74                GPIO_Init
                0x08000bec                GPIO_StructInit
                0x08000c14                GPIO_ReadInputDataBit
                0x08000c48                GPIO_ReadInputData
                0x08000c64                GPIO_ReadOutputDataBit
                0x08000c98                GPIO_ReadOutputData
                0x08000cb4                GPIO_SetBits
                0x08000cd0                GPIO_ResetBits
                0x08000cec                GPIO_WriteBit
                0x08000d1c                GPIO_Write
                0x08000d38                GPIO_PinLockConfig
                0x08000d7c                GPIO_EventOutputConfig
                0x08000dc4                GPIO_EventOutputCmd
                0x08000de4                GPIO_PinRemapConfig
                0x08000ec4                GPIO_EXTILineConfig
                0x08000f40                GPIO_ETH_MediaInterfaceConfig
 .text          0x08000f5c      0x7d8 obj/stm32f10x_rcc.o
                0x08000f5c                RCC_DeInit
                0x08000fb8                RCC_HSEConfig
                0x08001014                RCC_WaitForHSEStartUp
                0x08001064                RCC_AdjustHSICalibrationValue
                0x080010a0                RCC_HSICmd
                0x080010c0                RCC_PLLConfig
                0x080010fc                RCC_PLLCmd
                0x0800111c                RCC_SYSCLKConfig
                0x08001154                RCC_GetSYSCLKSource
                0x08001174                RCC_HCLKConfig
                0x080011ac                RCC_PCLK1Config
                0x080011e4                RCC_PCLK2Config
                0x0800121c                RCC_ITConfig
                0x08001264                RCC_USBCLKConfig
                0x08001280                RCC_ADCCLKConfig
                0x080012b8                RCC_LSEConfig
                0x080012f8                RCC_LSICmd
                0x08001318                RCC_RTCCLKConfig
                0x0800133c                RCC_RTCCLKCmd
                0x0800135c                RCC_GetClocksFreq
                0x080014c0                RCC_AHBPeriphClockCmd
                0x080014fc                RCC_APB2PeriphClockCmd
                0x08001538                RCC_APB1PeriphClockCmd
                0x08001574                RCC_APB2PeriphResetCmd
                0x080015b0                RCC_APB1PeriphResetCmd
                0x080015ec                RCC_BackupResetCmd
                0x0800160c                RCC_ClockSecuritySystemCmd
                0x0800162c                RCC_MCOConfig
                0x0800164c                RCC_GetFlagStatus
                0x080016c0                RCC_ClearFlag
                0x080016dc                RCC_GetITStatus
                0x08001714                RCC_ClearITPendingBit
 .text          0x08001734     0x1c2c obj/stm32f10x_tim.o
                0x08001734                TIM_DeInit
                0x08001960                TIM_TimeBaseInit
                0x08001a58                TIM_OC1Init
                0x08001b70                TIM_OC2Init
                0x08001c80                TIM_OC3Init
                0x08001d8c                TIM_OC4Init
                0x08001e5c                TIM_ICInit
                0x08001f04                TIM_PWMIConfig
                0x08001fbc                TIM_BDTRConfig
                0x0800200c                TIM_TimeBaseStructInit
                0x08002040                TIM_OCStructInit
                0x08002084                TIM_ICStructInit
                0x080020b4                TIM_BDTRStructInit
                0x080020f0                TIM_Cmd
                0x08002130                TIM_CtrlPWMOutputs
                0x0800217c                TIM_ITConfig
                0x080021c4                TIM_GenerateEvent
                0x080021e0                TIM_DMAConfig
                0x08002208                TIM_DMACmd
                0x08002250                TIM_InternalClockConfig
                0x08002274                TIM_ITRxExternalClockConfig
                0x080022a0                TIM_TIxExternalClockConfig
                0x080022f4                TIM_ETRClockMode1Config
                0x08002344                TIM_ETRClockMode2Config
                0x08002374                TIM_ETRConfig
                0x080023bc                TIM_PrescalerConfig
                0x080023e4                TIM_CounterModeConfig
                0x0800241c                TIM_SelectInputTrigger
                0x08002454                TIM_EncoderInterfaceConfig
                0x080024e0                TIM_ForcedOC1Config
                0x08002518                TIM_ForcedOC2Config
                0x08002554                TIM_ForcedOC3Config
                0x0800258c                TIM_ForcedOC4Config
                0x080025c8                TIM_ARRPreloadConfig
                0x08002608                TIM_SelectCOM
                0x08002648                TIM_SelectCCDMA
                0x08002688                TIM_CCPreloadControl
                0x080026c8                TIM_OC1PreloadConfig
                0x08002700                TIM_OC2PreloadConfig
                0x0800273c                TIM_OC3PreloadConfig
                0x08002774                TIM_OC4PreloadConfig
                0x080027b0                TIM_OC1FastConfig
                0x080027e8                TIM_OC2FastConfig
                0x08002824                TIM_OC3FastConfig
                0x0800285c                TIM_OC4FastConfig
                0x08002898                TIM_ClearOC1Ref
                0x080028d0                TIM_ClearOC2Ref
                0x0800290c                TIM_ClearOC3Ref
                0x08002944                TIM_ClearOC4Ref
                0x08002980                TIM_OC1PolarityConfig
                0x080029b8                TIM_OC1NPolarityConfig
                0x080029f0                TIM_OC2PolarityConfig
                0x08002a2c                TIM_OC2NPolarityConfig
                0x08002a68                TIM_OC3PolarityConfig
                0x08002aa4                TIM_OC3NPolarityConfig
                0x08002ae0                TIM_OC4PolarityConfig
                0x08002b1c                TIM_CCxCmd
                0x08002b70                TIM_CCxNCmd
                0x08002bc4                TIM_SelectOCxM
                0x08002c6c                TIM_UpdateDisableConfig
                0x08002cac                TIM_UpdateRequestConfig
                0x08002cec                TIM_SelectHallSensor
                0x08002d2c                TIM_SelectOnePulseMode
                0x08002d64                TIM_SelectOutputTrigger
                0x08002d9c                TIM_SelectSlaveMode
                0x08002dd4                TIM_SelectMasterSlaveMode
                0x08002e0c                TIM_SetCounter
                0x08002e28                TIM_SetAutoreload
                0x08002e44                TIM_SetCompare1
                0x08002e60                TIM_SetCompare2
                0x08002e7c                TIM_SetCompare3
                0x08002e98                TIM_SetCompare4
                0x08002eb8                TIM_SetIC1Prescaler
                0x08002ef0                TIM_SetIC2Prescaler
                0x08002f2c                TIM_SetIC3Prescaler
                0x08002f64                TIM_SetIC4Prescaler
                0x08002fa0                TIM_SetClockDivision
                0x08002fd8                TIM_GetCapture1
                0x08002ff4                TIM_GetCapture2
                0x08003010                TIM_GetCapture3
                0x0800302c                TIM_GetCapture4
                0x08003048                TIM_GetCounter
                0x08003064                TIM_GetPrescaler
                0x08003080                TIM_GetFlagStatus
                0x080030b8                TIM_ClearFlag
                0x080030d8                TIM_GetITStatus
                0x0800312c                TIM_ClearITPendingBit
 .text          0x08003360      0x240 obj/system_stm32f10x.o
                0x08003360                SystemInit
                0x080033bc                SystemCoreClockUpdate
 .text          0x080035a0       0x14 obj/startup.o
 .text          0x080035b4        0x0 lib/libopencm3_stm32f1.a(gpio.o)
 .text          0x080035b4        0x0 lib/libopencm3_stm32f1.a(timer_common_all.o)
 .text          0x080035b4        0x0 lib/libopencm3_stm32f1.a(rcc_common_all.o)
 .text          0x080035b4        0x0 /home/mj/sat/bin/../lib/gcc/arm-none-eabi/4.8.3/../../../../arm-none-eabi/lib/armv7-m/libg.a(lib_a-errno.o)
 .text          0x080035b4        0x0 /home/mj/sat/bin/../lib/gcc/arm-none-eabi/4.8.3/../../../../arm-none-eabi/lib/armv7-m/libg.a(lib_a-findfp.o)
 .text          0x080035b4        0x0 /home/mj/sat/bin/../lib/gcc/arm-none-eabi/4.8.3/../../../../arm-none-eabi/lib/armv7-m/libg.a(lib_a-fwalk.o)
 .text          0x080035b4        0x0 /home/mj/sat/bin/../lib/gcc/arm-none-eabi/4.8.3/../../../../arm-none-eabi/lib/armv7-m/libg.a(lib_a-mallocr.o)
 .text          0x080035b4        0x0 /home/mj/sat/bin/../lib/gcc/arm-none-eabi/4.8.3/../../../../arm-none-eabi/lib/armv7-m/libg.a(lib_a-mlock.o)
 .text          0x080035b4        0x0 /home/mj/sat/bin/../lib/gcc/arm-none-eabi/4.8.3/../../../../arm-none-eabi/lib/armv7-m/libg.a(lib_a-puts.o)
 .text          0x080035b4        0x0 /home/mj/sat/bin/../lib/gcc/arm-none-eabi/4.8.3/../../../../arm-none-eabi/lib/armv7-m/libg.a(lib_a-sbrkr.o)
 .text          0x080035b4        0x0 /home/mj/sat/bin/../lib/gcc/arm-none-eabi/4.8.3/../../../../arm-none-eabi/lib/armv7-m/libg.a(lib_a-stdio.o)
 .text          0x080035b4        0x0 /home/mj/sat/bin/../lib/gcc/arm-none-eabi/4.8.3/../../../../arm-none-eabi/lib/armv7-m/libg.a(lib_a-strlen.o)
 .text          0x080035b4        0x0 /home/mj/sat/bin/../lib/gcc/arm-none-eabi/4.8.3/../../../../arm-none-eabi/lib/armv7-m/libg.a(lib_a-writer.o)
 .text          0x080035b4        0x0 /home/mj/sat/bin/../lib/gcc/arm-none-eabi/4.8.3/../../../../arm-none-eabi/lib/armv7-m/libg.a(lib_a-closer.o)
 .text          0x080035b4        0x0 /home/mj/sat/bin/../lib/gcc/arm-none-eabi/4.8.3/../../../../arm-none-eabi/lib/armv7-m/libg.a(lib_a-fclose.o)
 .text          0x080035b4        0x0 /home/mj/sat/bin/../lib/gcc/arm-none-eabi/4.8.3/../../../../arm-none-eabi/lib/armv7-m/libg.a(lib_a-fflush.o)
 .text          0x080035b4        0x0 /home/mj/sat/bin/../lib/gcc/arm-none-eabi/4.8.3/../../../../arm-none-eabi/lib/armv7-m/libg.a(lib_a-freer.o)
 .text          0x080035b4        0x0 /home/mj/sat/bin/../lib/gcc/arm-none-eabi/4.8.3/../../../../arm-none-eabi/lib/armv7-m/libg.a(lib_a-fvwrite.o)
 .text          0x080035b4        0x0 /home/mj/sat/bin/../lib/gcc/arm-none-eabi/4.8.3/../../../../arm-none-eabi/lib/armv7-m/libg.a(lib_a-lseekr.o)
 .text          0x080035b4        0x0 /home/mj/sat/bin/../lib/gcc/arm-none-eabi/4.8.3/../../../../arm-none-eabi/lib/armv7-m/libg.a(lib_a-memchr-stub.o)
 .text          0x080035b4       0xec /home/mj/sat/bin/../lib/gcc/arm-none-eabi/4.8.3/../../../../arm-none-eabi/lib/armv7-m/libg.a(lib_a-memcpy.o)
                0x080035b4                memcpy
 .text          0x080036a0        0x0 /home/mj/sat/bin/../lib/gcc/arm-none-eabi/4.8.3/../../../../arm-none-eabi/lib/armv7-m/libg.a(lib_a-memmove.o)
 .text          0x080036a0        0x0 /home/mj/sat/bin/../lib/gcc/arm-none-eabi/4.8.3/../../../../arm-none-eabi/lib/armv7-m/libg.a(lib_a-readr.o)
 .text          0x080036a0        0x0 /home/mj/sat/bin/../lib/gcc/arm-none-eabi/4.8.3/../../../../arm-none-eabi/lib/armv7-m/libg.a(lib_a-reallocr.o)
 .text          0x080036a0        0x0 /home/mj/sat/bin/../lib/gcc/arm-none-eabi/4.8.3/../../../../arm-none-eabi/lib/armv7-m/libg.a(lib_a-reent.o)
 .text          0x080036a0        0x0 /home/mj/sat/bin/../lib/gcc/arm-none-eabi/4.8.3/../../../../arm-none-eabi/lib/armv7-m/libg.a(lib_a-wsetup.o)
 .text          0x080036a0        0x0 /home/mj/sat/bin/../lib/gcc/arm-none-eabi/4.8.3/../../../../arm-none-eabi/lib/armv7-m/libg.a(lib_a-makebuf.o)
 .text          0x080036a0        0x0 /home/mj/sat/bin/../lib/gcc/arm-none-eabi/4.8.3/../../../../arm-none-eabi/lib/armv7-m/libg.a(lib_a-fstatr.o)
 .text          0x080036a0        0x0 /home/mj/sat/bin/../lib/gcc/arm-none-eabi/4.8.3/../../../../arm-none-eabi/lib/armv7-m/libg.a(lib_a-isattyr.o)
 .text          0x080036a0        0x0 /home/mj/sat/bin/../lib/gcc/arm-none-eabi/4.8.3/armv7-m/crtend.o
 .text          0x080036a0        0x0 /home/mj/sat/bin/../lib/gcc/arm-none-eabi/4.8.3/armv7-m/crtn.o
 *(.text*)
 .text.exit     0x080036a0       0x20 /home/mj/sat/bin/../lib/gcc/arm-none-eabi/4.8.3/../../../../arm-none-eabi/lib/armv7-m/libc.a(lib_a-exit.o)
                0x080036a0                exit
 .text.__libc_init_array
                0x080036c0       0x50 /home/mj/sat/bin/../lib/gcc/arm-none-eabi/4.8.3/../../../../arm-none-eabi/lib/armv7-m/libc.a(lib_a-init.o)
                0x080036c0                __libc_init_array
 .text.memset   0x08003710       0x94 /home/mj/sat/bin/../lib/gcc/arm-none-eabi/4.8.3/../../../../arm-none-eabi/lib/armv7-m/libc.a(lib_a-memset.o)
                0x08003710                memset
 .text.startup.register_fini
                0x080037a4       0x14 /home/mj/sat/bin/../lib/gcc/arm-none-eabi/4.8.3/../../../../arm-none-eabi/lib/armv7-m/libc.a(lib_a-__call_atexit.o)
 .text.__call_exitprocs
                0x080037b8       0xf0 /home/mj/sat/bin/../lib/gcc/arm-none-eabi/4.8.3/../../../../arm-none-eabi/lib/armv7-m/libc.a(lib_a-__call_atexit.o)
                0x080037b8                __call_exitprocs
 .text.atexit   0x080038a8        0xc /home/mj/sat/bin/../lib/gcc/arm-none-eabi/4.8.3/../../../../arm-none-eabi/lib/armv7-m/libc.a(lib_a-atexit.o)
                0x080038a8                atexit
 .text.__libc_fini_array
                0x080038b4       0x30 /home/mj/sat/bin/../lib/gcc/arm-none-eabi/4.8.3/../../../../arm-none-eabi/lib/armv7-m/libc.a(lib_a-fini.o)
                0x080038b4                __libc_fini_array
 .text.__register_exitproc
                0x080038e4       0xa8 /home/mj/sat/bin/../lib/gcc/arm-none-eabi/4.8.3/../../../../arm-none-eabi/lib/armv7-m/libc.a(lib_a-__atexit.o)
                0x080038e4                __register_exitproc
 .text.findslot
                0x0800398c       0x38 /home/mj/sat/bin/../lib/gcc/arm-none-eabi/4.8.3/../../../../arm-none-eabi/lib/armv7-m/librdimon.a(rdimon-syscalls.o)
 .text.checkerror.part.0
                0x080039c4       0x1c /home/mj/sat/bin/../lib/gcc/arm-none-eabi/4.8.3/../../../../arm-none-eabi/lib/armv7-m/librdimon.a(rdimon-syscalls.o)
 .text.initialise_monitor_handles
                0x080039e0       0xa0 /home/mj/sat/bin/../lib/gcc/arm-none-eabi/4.8.3/../../../../arm-none-eabi/lib/armv7-m/librdimon.a(rdimon-syscalls.o)
                0x080039e0                initialise_monitor_handles
 .text._swiread
                0x08003a80       0x28 /home/mj/sat/bin/../lib/gcc/arm-none-eabi/4.8.3/../../../../arm-none-eabi/lib/armv7-m/librdimon.a(rdimon-syscalls.o)
                0x08003a80                _swiread
 .text._read    0x08003aa8       0x34 /home/mj/sat/bin/../lib/gcc/arm-none-eabi/4.8.3/../../../../arm-none-eabi/lib/armv7-m/librdimon.a(rdimon-syscalls.o)
                0x08003aa8                _read
 .text._swilseek
                0x08003adc       0x94 /home/mj/sat/bin/../lib/gcc/arm-none-eabi/4.8.3/../../../../arm-none-eabi/lib/armv7-m/librdimon.a(rdimon-syscalls.o)
                0x08003adc                _swilseek
 .text._lseek   0x08003b70        0x4 /home/mj/sat/bin/../lib/gcc/arm-none-eabi/4.8.3/../../../../arm-none-eabi/lib/armv7-m/librdimon.a(rdimon-syscalls.o)
                0x08003b70                _lseek
 .text._swiwrite
                0x08003b74       0x28 /home/mj/sat/bin/../lib/gcc/arm-none-eabi/4.8.3/../../../../arm-none-eabi/lib/armv7-m/librdimon.a(rdimon-syscalls.o)
                0x08003b74                _swiwrite
 .text._write   0x08003b9c       0x58 /home/mj/sat/bin/../lib/gcc/arm-none-eabi/4.8.3/../../../../arm-none-eabi/lib/armv7-m/librdimon.a(rdimon-syscalls.o)
                0x08003b9c                _write
 .text._swiclose
                0x08003bf4       0x28 /home/mj/sat/bin/../lib/gcc/arm-none-eabi/4.8.3/../../../../arm-none-eabi/lib/armv7-m/librdimon.a(rdimon-syscalls.o)
                0x08003bf4                _swiclose
 .text._close   0x08003c1c       0x68 /home/mj/sat/bin/../lib/gcc/arm-none-eabi/4.8.3/../../../../arm-none-eabi/lib/armv7-m/librdimon.a(rdimon-syscalls.o)
                0x08003c1c                _close
 .text._getpid  0x08003c84        0x4 /home/mj/sat/bin/../lib/gcc/arm-none-eabi/4.8.3/../../../../arm-none-eabi/lib/armv7-m/librdimon.a(rdimon-syscalls.o)
                0x08003c84                _getpid
 .text._sbrk    0x08003c88       0x34 /home/mj/sat/bin/../lib/gcc/arm-none-eabi/4.8.3/../../../../arm-none-eabi/lib/armv7-m/librdimon.a(rdimon-syscalls.o)
                0x08003c88                _sbrk
 .text._swistat
                0x08003cbc       0x48 /home/mj/sat/bin/../lib/gcc/arm-none-eabi/4.8.3/../../../../arm-none-eabi/lib/armv7-m/librdimon.a(rdimon-syscalls.o)
                0x08003cbc                _swistat
 .text._fstat   0x08003d04       0x1c /home/mj/sat/bin/../lib/gcc/arm-none-eabi/4.8.3/../../../../arm-none-eabi/lib/armv7-m/librdimon.a(rdimon-syscalls.o)
                0x08003d04                _fstat
 .text._stat    0x08003d20       0x3c /home/mj/sat/bin/../lib/gcc/arm-none-eabi/4.8.3/../../../../arm-none-eabi/lib/armv7-m/librdimon.a(rdimon-syscalls.o)
                0x08003d20                _stat
 .text._swiopen
                0x08003d5c       0xd4 /home/mj/sat/bin/../lib/gcc/arm-none-eabi/4.8.3/../../../../arm-none-eabi/lib/armv7-m/librdimon.a(rdimon-syscalls.o)
                0x08003d5c                _swiopen
 .text._open    0x08003e30       0x14 /home/mj/sat/bin/../lib/gcc/arm-none-eabi/4.8.3/../../../../arm-none-eabi/lib/armv7-m/librdimon.a(rdimon-syscalls.o)
                0x08003e30                _open
 .text._link    0x08003e44       0x10 /home/mj/sat/bin/../lib/gcc/arm-none-eabi/4.8.3/../../../../arm-none-eabi/lib/armv7-m/librdimon.a(rdimon-syscalls.o)
                0x08003e44                _link
 .text._unlink  0x08003e54       0x40 /home/mj/sat/bin/../lib/gcc/arm-none-eabi/4.8.3/../../../../arm-none-eabi/lib/armv7-m/librdimon.a(rdimon-syscalls.o)
                0x08003e54                _unlink
 .text._gettimeofday
                0x08003e94       0x28 /home/mj/sat/bin/../lib/gcc/arm-none-eabi/4.8.3/../../../../arm-none-eabi/lib/armv7-m/librdimon.a(rdimon-syscalls.o)
                0x08003e94                _gettimeofday
 .text._clock   0x08003ebc       0x14 /home/mj/sat/bin/../lib/gcc/arm-none-eabi/4.8.3/../../../../arm-none-eabi/lib/armv7-m/librdimon.a(rdimon-syscalls.o)
                0x08003ebc                _clock
 .text._times   0x08003ed0       0x20 /home/mj/sat/bin/../lib/gcc/arm-none-eabi/4.8.3/../../../../arm-none-eabi/lib/armv7-m/librdimon.a(rdimon-syscalls.o)
                0x08003ed0                _times
 .text._isatty  0x08003ef0       0x3c /home/mj/sat/bin/../lib/gcc/arm-none-eabi/4.8.3/../../../../arm-none-eabi/lib/armv7-m/librdimon.a(rdimon-syscalls.o)
                0x08003ef0                _isatty
 .text._system  0x08003f2c       0x44 /home/mj/sat/bin/../lib/gcc/arm-none-eabi/4.8.3/../../../../arm-none-eabi/lib/armv7-m/librdimon.a(rdimon-syscalls.o)
                0x08003f2c                _system
 .text._rename  0x08003f70       0x3c /home/mj/sat/bin/../lib/gcc/arm-none-eabi/4.8.3/../../../../arm-none-eabi/lib/armv7-m/librdimon.a(rdimon-syscalls.o)
                0x08003f70                _rename
 .text._exit    0x08003fac        0x8 /home/mj/sat/bin/../lib/gcc/arm-none-eabi/4.8.3/../../../../arm-none-eabi/lib/armv7-m/librdimon.a(rdimon-_exit.o)
                0x08003fac                _exit
 .text._kill    0x08003fb4       0x20 /home/mj/sat/bin/../lib/gcc/arm-none-eabi/4.8.3/../../../../arm-none-eabi/lib/armv7-m/librdimon.a(rdimon-_kill.o)
                0x08003fb4                _kill
 .text.Reset_Handler
                0x08003fd4       0x48 obj/startup.o
                0x08003fd4                Reset_Handler
 .text.Default_Handler
                0x0800401c        0x4 obj/startup.o
                0x0800401c                EXTI2_IRQHandler
                0x0800401c                TIM1_CC_IRQHandler
                0x0800401c                PVD_IRQHandler
                0x0800401c                EXTI3_IRQHandler
                0x0800401c                EXTI0_IRQHandler
                0x0800401c                I2C2_EV_IRQHandler
                0x0800401c                TIM1_UP_TIM16_IRQHandler
                0x0800401c                SPI1_IRQHandler
                0x0800401c                TAMPER_IRQHandler
                0x0800401c                TIM6_DAC_IRQHandler
                0x0800401c                DMA1_Channel4_IRQHandler
                0x0800401c                ADC1_IRQHandler
                0x0800401c                USART3_IRQHandler
                0x0800401c                RTC_IRQHandler
                0x0800401c                DMA1_Channel7_IRQHandler
                0x0800401c                TIM4_IRQHandler
                0x0800401c                I2C1_EV_IRQHandler
                0x0800401c                DMA1_Channel6_IRQHandler
                0x0800401c                TIM3_IRQHandler
                0x0800401c                RCC_IRQHandler
                0x0800401c                DMA1_Channel1_IRQHandler
                0x0800401c                Default_Handler
                0x0800401c                CEC_IRQHandler
                0x0800401c                EXTI15_10_IRQHandler
                0x0800401c                TIM7_IRQHandler
                0x0800401c                EXTI9_5_IRQHandler
                0x0800401c                SPI2_IRQHandler
                0x0800401c                DMA1_Channel5_IRQHandler
                0x0800401c                EXTI4_IRQHandler
                0x0800401c                TIM1_TRG_COM_TIM17_IRQHandler
                0x0800401c                DMA1_Channel3_IRQHandler
                0x0800401c                WWDG_IRQHandler
                0x0800401c                TIM2_IRQHandler
                0x0800401c                EXTI1_IRQHandler
                0x0800401c                RTCAlarm_IRQHandler
                0x0800401c                USART2_IRQHandler
                0x0800401c                I2C2_ER_IRQHandler
                0x0800401c                DMA1_Channel2_IRQHandler
                0x0800401c                FLASH_IRQHandler
                0x0800401c                USART1_IRQHandler
                0x0800401c                I2C1_ER_IRQHandler
                0x0800401c                TIM1_BRK_TIM15_IRQHandler
 .text.gpio_set_mode
                0x08004020       0x70 lib/libopencm3_stm32f1.a(gpio.o)
                0x08004020                gpio_set_mode
 .text.gpio_set_eventout
                0x08004090       0x10 lib/libopencm3_stm32f1.a(gpio.o)
                0x08004090                gpio_set_eventout
 .text.gpio_primary_remap
                0x080040a0       0x18 lib/libopencm3_stm32f1.a(gpio.o)
                0x080040a0                gpio_primary_remap
 .text.gpio_secondary_remap
                0x080040b8       0x10 lib/libopencm3_stm32f1.a(gpio.o)
                0x080040b8                gpio_secondary_remap
 .text.timer_reset
                0x080040c8       0x80 lib/libopencm3_stm32f1.a(timer_common_all.o)
                0x080040c8                timer_reset
 .text.timer_enable_irq
                0x08004148        0x8 lib/libopencm3_stm32f1.a(timer_common_all.o)
                0x08004148                timer_enable_irq
 .text.timer_disable_irq
                0x08004150        0xa lib/libopencm3_stm32f1.a(timer_common_all.o)
                0x08004150                timer_disable_irq
 *fill*         0x0800415a        0x2 
 .text.timer_interrupt_source
                0x0800415c       0x38 lib/libopencm3_stm32f1.a(timer_common_all.o)
                0x0800415c                timer_interrupt_source
 .text.timer_get_flag
                0x08004194        0xc lib/libopencm3_stm32f1.a(timer_common_all.o)
                0x08004194                timer_get_flag
 .text.timer_clear_flag
                0x080041a0        0xa lib/libopencm3_stm32f1.a(timer_common_all.o)
                0x080041a0                timer_clear_flag
 .text.timer_set_mode
                0x080041aa       0x12 lib/libopencm3_stm32f1.a(timer_common_all.o)
                0x080041aa                timer_set_mode
 .text.timer_set_clock_division
                0x080041bc       0x14 lib/libopencm3_stm32f1.a(timer_common_all.o)
                0x080041bc                timer_set_clock_division
 .text.timer_enable_preload
                0x080041d0        0xa lib/libopencm3_stm32f1.a(timer_common_all.o)
                0x080041d0                timer_enable_preload
 .text.timer_disable_preload
                0x080041da        0xa lib/libopencm3_stm32f1.a(timer_common_all.o)
                0x080041da                timer_disable_preload
 .text.timer_set_alignment
                0x080041e4       0x14 lib/libopencm3_stm32f1.a(timer_common_all.o)
                0x080041e4                timer_set_alignment
 .text.timer_direction_up
                0x080041f8        0xa lib/libopencm3_stm32f1.a(timer_common_all.o)
                0x080041f8                timer_direction_up
 .text.timer_direction_down
                0x08004202        0xa lib/libopencm3_stm32f1.a(timer_common_all.o)
                0x08004202                timer_direction_down
 .text.timer_one_shot_mode
                0x0800420c        0xa lib/libopencm3_stm32f1.a(timer_common_all.o)
                0x0800420c                timer_one_shot_mode
 .text.timer_continuous_mode
                0x08004216        0xa lib/libopencm3_stm32f1.a(timer_common_all.o)
                0x08004216                timer_continuous_mode
 .text.timer_update_on_any
                0x08004220        0xa lib/libopencm3_stm32f1.a(timer_common_all.o)
                0x08004220                timer_update_on_any
 .text.timer_update_on_overflow
                0x0800422a        0xa lib/libopencm3_stm32f1.a(timer_common_all.o)
                0x0800422a                timer_update_on_overflow
 .text.timer_enable_update_event
                0x08004234        0xa lib/libopencm3_stm32f1.a(timer_common_all.o)
                0x08004234                timer_enable_update_event
 .text.timer_disable_update_event
                0x0800423e        0xa lib/libopencm3_stm32f1.a(timer_common_all.o)
                0x0800423e                timer_disable_update_event
 .text.timer_enable_counter
                0x08004248        0xa lib/libopencm3_stm32f1.a(timer_common_all.o)
                0x08004248                timer_enable_counter
 .text.timer_disable_counter
                0x08004252        0xa lib/libopencm3_stm32f1.a(timer_common_all.o)
                0x08004252                timer_disable_counter
 .text.timer_set_output_idle_state
                0x0800425c       0x20 lib/libopencm3_stm32f1.a(timer_common_all.o)
                0x0800425c                timer_set_output_idle_state
 .text.timer_reset_output_idle_state
                0x0800427c       0x20 lib/libopencm3_stm32f1.a(timer_common_all.o)
                0x0800427c                timer_reset_output_idle_state
 .text.timer_set_ti1_ch123_xor
                0x0800429c        0xa lib/libopencm3_stm32f1.a(timer_common_all.o)
                0x0800429c                timer_set_ti1_ch123_xor
 .text.timer_set_ti1_ch1
                0x080042a6        0xa lib/libopencm3_stm32f1.a(timer_common_all.o)
                0x080042a6                timer_set_ti1_ch1
 .text.timer_set_master_mode
                0x080042b0       0x10 lib/libopencm3_stm32f1.a(timer_common_all.o)
                0x080042b0                timer_set_master_mode
 .text.timer_set_dma_on_compare_event
                0x080042c0        0xa lib/libopencm3_stm32f1.a(timer_common_all.o)
                0x080042c0                timer_set_dma_on_compare_event
 .text.timer_set_dma_on_update_event
                0x080042ca        0xa lib/libopencm3_stm32f1.a(timer_common_all.o)
                0x080042ca                timer_set_dma_on_update_event
 .text.timer_enable_compare_control_update_on_trigger
                0x080042d4       0x1c lib/libopencm3_stm32f1.a(timer_common_all.o)
                0x080042d4                timer_enable_compare_control_update_on_trigger
 .text.timer_disable_compare_control_update_on_trigger
                0x080042f0       0x1c lib/libopencm3_stm32f1.a(timer_common_all.o)
                0x080042f0                timer_disable_compare_control_update_on_trigger
 .text.timer_enable_preload_complementry_enable_bits
                0x0800430c       0x1c lib/libopencm3_stm32f1.a(timer_common_all.o)
                0x0800430c                timer_enable_preload_complementry_enable_bits
 .text.timer_disable_preload_complementry_enable_bits
                0x08004328       0x1c lib/libopencm3_stm32f1.a(timer_common_all.o)
                0x08004328                timer_disable_preload_complementry_enable_bits
 .text.timer_set_prescaler
                0x08004344        0x4 lib/libopencm3_stm32f1.a(timer_common_all.o)
                0x08004344                timer_set_prescaler
 .text.timer_set_repetition_counter
                0x08004348       0x18 lib/libopencm3_stm32f1.a(timer_common_all.o)
                0x08004348                timer_set_repetition_counter
 .text.timer_set_period
                0x08004360        0x4 lib/libopencm3_stm32f1.a(timer_common_all.o)
                0x08004360                timer_set_period
 .text.timer_enable_oc_clear
                0x08004364       0x34 lib/libopencm3_stm32f1.a(timer_common_all.o)
                0x08004364                timer_enable_oc_clear
 .text.timer_disable_oc_clear
                0x08004398       0x34 lib/libopencm3_stm32f1.a(timer_common_all.o)
                0x08004398                timer_disable_oc_clear
 .text.timer_set_oc_fast_mode
                0x080043cc       0x34 lib/libopencm3_stm32f1.a(timer_common_all.o)
                0x080043cc                timer_set_oc_fast_mode
 .text.timer_set_oc_slow_mode
                0x08004400       0x34 lib/libopencm3_stm32f1.a(timer_common_all.o)
                0x08004400                timer_set_oc_slow_mode
 .text.timer_set_oc_mode
                0x08004434      0x186 lib/libopencm3_stm32f1.a(timer_common_all.o)
                0x08004434                timer_set_oc_mode
 .text.timer_enable_oc_preload
                0x080045ba       0x34 lib/libopencm3_stm32f1.a(timer_common_all.o)
                0x080045ba                timer_enable_oc_preload
 .text.timer_disable_oc_preload
                0x080045ee       0x34 lib/libopencm3_stm32f1.a(timer_common_all.o)
                0x080045ee                timer_disable_oc_preload
 *fill*         0x08004622        0x2 
 .text.timer_set_oc_polarity_high
                0x08004624       0x68 lib/libopencm3_stm32f1.a(timer_common_all.o)
                0x08004624                timer_set_oc_polarity_high
 .text.timer_set_oc_polarity_low
                0x0800468c       0x68 lib/libopencm3_stm32f1.a(timer_common_all.o)
                0x0800468c                timer_set_oc_polarity_low
 .text.timer_enable_oc_output
                0x080046f4       0x68 lib/libopencm3_stm32f1.a(timer_common_all.o)
                0x080046f4                timer_enable_oc_output
 .text.timer_disable_oc_output
                0x0800475c       0x68 lib/libopencm3_stm32f1.a(timer_common_all.o)
                0x0800475c                timer_disable_oc_output
 .text.timer_set_oc_idle_state_set
                0x080047c4       0x5c lib/libopencm3_stm32f1.a(timer_common_all.o)
                0x080047c4                timer_set_oc_idle_state_set
 .text.timer_set_oc_idle_state_unset
                0x08004820       0x5c lib/libopencm3_stm32f1.a(timer_common_all.o)
                0x08004820                timer_set_oc_idle_state_unset
 .text.timer_set_oc_value
                0x0800487c       0x20 lib/libopencm3_stm32f1.a(timer_common_all.o)
                0x0800487c                timer_set_oc_value
 .text.timer_enable_break_main_output
                0x0800489c       0x1c lib/libopencm3_stm32f1.a(timer_common_all.o)
                0x0800489c                timer_enable_break_main_output
 .text.timer_disable_break_main_output
                0x080048b8       0x1c lib/libopencm3_stm32f1.a(timer_common_all.o)
                0x080048b8                timer_disable_break_main_output
 .text.timer_enable_break_automatic_output
                0x080048d4       0x1c lib/libopencm3_stm32f1.a(timer_common_all.o)
                0x080048d4                timer_enable_break_automatic_output
 .text.timer_disable_break_automatic_output
                0x080048f0       0x1c lib/libopencm3_stm32f1.a(timer_common_all.o)
                0x080048f0                timer_disable_break_automatic_output
 .text.timer_set_break_polarity_high
                0x0800490c       0x1c lib/libopencm3_stm32f1.a(timer_common_all.o)
                0x0800490c                timer_set_break_polarity_high
 .text.timer_set_break_polarity_low
                0x08004928       0x1c lib/libopencm3_stm32f1.a(timer_common_all.o)
                0x08004928                timer_set_break_polarity_low
 .text.timer_enable_break
                0x08004944       0x1c lib/libopencm3_stm32f1.a(timer_common_all.o)
                0x08004944                timer_enable_break
 .text.timer_disable_break
                0x08004960       0x1c lib/libopencm3_stm32f1.a(timer_common_all.o)
                0x08004960                timer_disable_break
 .text.timer_set_enabled_off_state_in_run_mode
                0x0800497c       0x1c lib/libopencm3_stm32f1.a(timer_common_all.o)
                0x0800497c                timer_set_enabled_off_state_in_run_mode
 .text.timer_set_disabled_off_state_in_run_mode
                0x08004998       0x1c lib/libopencm3_stm32f1.a(timer_common_all.o)
                0x08004998                timer_set_disabled_off_state_in_run_mode
 .text.timer_set_enabled_off_state_in_idle_mode
                0x080049b4       0x1c lib/libopencm3_stm32f1.a(timer_common_all.o)
                0x080049b4                timer_set_enabled_off_state_in_idle_mode
 .text.timer_set_disabled_off_state_in_idle_mode
                0x080049d0       0x1c lib/libopencm3_stm32f1.a(timer_common_all.o)
                0x080049d0                timer_set_disabled_off_state_in_idle_mode
 .text.timer_set_break_lock
                0x080049ec       0x1c lib/libopencm3_stm32f1.a(timer_common_all.o)
                0x080049ec                timer_set_break_lock
 .text.timer_set_deadtime
                0x08004a08       0x1c lib/libopencm3_stm32f1.a(timer_common_all.o)
                0x08004a08                timer_set_deadtime
 .text.timer_generate_event
                0x08004a24        0x8 lib/libopencm3_stm32f1.a(timer_common_all.o)
                0x08004a24                timer_generate_event
 .text.timer_get_counter
                0x08004a2c        0x4 lib/libopencm3_stm32f1.a(timer_common_all.o)
                0x08004a2c                timer_get_counter
 .text.timer_set_counter
                0x08004a30        0x4 lib/libopencm3_stm32f1.a(timer_common_all.o)
                0x08004a30                timer_set_counter
 .text.timer_ic_set_filter
                0x08004a34       0x50 lib/libopencm3_stm32f1.a(timer_common_all.o)
                0x08004a34                timer_ic_set_filter
 .text.timer_ic_set_prescaler
                0x08004a84       0x50 lib/libopencm3_stm32f1.a(timer_common_all.o)
                0x08004a84                timer_ic_set_prescaler
 .text.timer_ic_set_input
                0x08004ad4       0x64 lib/libopencm3_stm32f1.a(timer_common_all.o)
                0x08004ad4                timer_ic_set_input
 .text.timer_ic_enable
                0x08004b38       0x10 lib/libopencm3_stm32f1.a(timer_common_all.o)
                0x08004b38                timer_ic_enable
 .text.timer_ic_disable
                0x08004b48       0x12 lib/libopencm3_stm32f1.a(timer_common_all.o)
                0x08004b48                timer_ic_disable
 .text.timer_slave_set_filter
                0x08004b5a       0x12 lib/libopencm3_stm32f1.a(timer_common_all.o)
                0x08004b5a                timer_slave_set_filter
 .text.timer_slave_set_prescaler
                0x08004b6c       0x12 lib/libopencm3_stm32f1.a(timer_common_all.o)
                0x08004b6c                timer_slave_set_prescaler
 .text.timer_slave_set_polarity
                0x08004b7e       0x12 lib/libopencm3_stm32f1.a(timer_common_all.o)
                0x08004b7e                timer_slave_set_polarity
 .text.timer_slave_set_mode
                0x08004b90       0x10 lib/libopencm3_stm32f1.a(timer_common_all.o)
                0x08004b90                timer_slave_set_mode
 .text.timer_slave_set_trigger
                0x08004ba0       0x10 lib/libopencm3_stm32f1.a(timer_common_all.o)
                0x08004ba0                timer_slave_set_trigger
 .text.rcc_peripheral_enable_clock
                0x08004bb0        0x8 lib/libopencm3_stm32f1.a(rcc_common_all.o)
                0x08004bb0                rcc_peripheral_enable_clock
 .text.rcc_peripheral_disable_clock
                0x08004bb8        0xa lib/libopencm3_stm32f1.a(rcc_common_all.o)
                0x08004bb8                rcc_peripheral_disable_clock
 .text.rcc_peripheral_reset
                0x08004bc2        0x8 lib/libopencm3_stm32f1.a(rcc_common_all.o)
                0x08004bc2                rcc_peripheral_reset
 .text.rcc_peripheral_clear_reset
                0x08004bca        0xa lib/libopencm3_stm32f1.a(rcc_common_all.o)
                0x08004bca                rcc_peripheral_clear_reset
 .text.rcc_periph_clock_enable
                0x08004bd4       0x1c lib/libopencm3_stm32f1.a(rcc_common_all.o)
                0x08004bd4                rcc_periph_clock_enable
 .text.rcc_periph_clock_disable
                0x08004bf0       0x1e lib/libopencm3_stm32f1.a(rcc_common_all.o)
                0x08004bf0                rcc_periph_clock_disable
 .text.rcc_periph_reset_pulse
                0x08004c0e       0x24 lib/libopencm3_stm32f1.a(rcc_common_all.o)
                0x08004c0e                rcc_periph_reset_pulse
 .text.rcc_periph_reset_hold
                0x08004c32       0x1c lib/libopencm3_stm32f1.a(rcc_common_all.o)
                0x08004c32                rcc_periph_reset_hold
 .text.rcc_periph_reset_release
                0x08004c4e       0x1e lib/libopencm3_stm32f1.a(rcc_common_all.o)
                0x08004c4e                rcc_periph_reset_release
 .text.__errno  0x08004c6c        0xc /home/mj/sat/bin/../lib/gcc/arm-none-eabi/4.8.3/../../../../arm-none-eabi/lib/armv7-m/libg.a(lib_a-errno.o)
                0x08004c6c                __errno
 .text.__fp_lock
                0x08004c78        0x4 /home/mj/sat/bin/../lib/gcc/arm-none-eabi/4.8.3/../../../../arm-none-eabi/lib/armv7-m/libg.a(lib_a-findfp.o)
 .text.__fp_unlock
                0x08004c7c        0x4 /home/mj/sat/bin/../lib/gcc/arm-none-eabi/4.8.3/../../../../arm-none-eabi/lib/armv7-m/libg.a(lib_a-findfp.o)
 .text._cleanup_r
                0x08004c80        0xc /home/mj/sat/bin/../lib/gcc/arm-none-eabi/4.8.3/../../../../arm-none-eabi/lib/armv7-m/libg.a(lib_a-findfp.o)
                0x08004c80                _cleanup_r
 .text.__sfmoreglue
                0x08004c8c       0x30 /home/mj/sat/bin/../lib/gcc/arm-none-eabi/4.8.3/../../../../arm-none-eabi/lib/armv7-m/libg.a(lib_a-findfp.o)
                0x08004c8c                __sfmoreglue
 .text._cleanup
                0x08004cbc       0x14 /home/mj/sat/bin/../lib/gcc/arm-none-eabi/4.8.3/../../../../arm-none-eabi/lib/armv7-m/libg.a(lib_a-findfp.o)
                0x08004cbc                _cleanup
 .text.__sinit  0x08004cd0       0xf4 /home/mj/sat/bin/../lib/gcc/arm-none-eabi/4.8.3/../../../../arm-none-eabi/lib/armv7-m/libg.a(lib_a-findfp.o)
                0x08004cd0                __sinit
 .text.__sfp    0x08004dc4       0x8c /home/mj/sat/bin/../lib/gcc/arm-none-eabi/4.8.3/../../../../arm-none-eabi/lib/armv7-m/libg.a(lib_a-findfp.o)
                0x08004dc4                __sfp
 .text.__sfp_lock_acquire
                0x08004e50        0x4 /home/mj/sat/bin/../lib/gcc/arm-none-eabi/4.8.3/../../../../arm-none-eabi/lib/armv7-m/libg.a(lib_a-findfp.o)
                0x08004e50                __sfp_lock_acquire
 .text.__sfp_lock_release
                0x08004e54        0x4 /home/mj/sat/bin/../lib/gcc/arm-none-eabi/4.8.3/../../../../arm-none-eabi/lib/armv7-m/libg.a(lib_a-findfp.o)
                0x08004e54                __sfp_lock_release
 .text.__sinit_lock_acquire
                0x08004e58        0x4 /home/mj/sat/bin/../lib/gcc/arm-none-eabi/4.8.3/../../../../arm-none-eabi/lib/armv7-m/libg.a(lib_a-findfp.o)
                0x08004e58                __sinit_lock_acquire
 .text.__sinit_lock_release
                0x08004e5c        0x4 /home/mj/sat/bin/../lib/gcc/arm-none-eabi/4.8.3/../../../../arm-none-eabi/lib/armv7-m/libg.a(lib_a-findfp.o)
                0x08004e5c                __sinit_lock_release
 .text.__fp_lock_all
                0x08004e60       0x14 /home/mj/sat/bin/../lib/gcc/arm-none-eabi/4.8.3/../../../../arm-none-eabi/lib/armv7-m/libg.a(lib_a-findfp.o)
                0x08004e60                __fp_lock_all
 .text.__fp_unlock_all
                0x08004e74       0x14 /home/mj/sat/bin/../lib/gcc/arm-none-eabi/4.8.3/../../../../arm-none-eabi/lib/armv7-m/libg.a(lib_a-findfp.o)
                0x08004e74                __fp_unlock_all
 .text._fwalk   0x08004e88       0x48 /home/mj/sat/bin/../lib/gcc/arm-none-eabi/4.8.3/../../../../arm-none-eabi/lib/armv7-m/libg.a(lib_a-fwalk.o)
                0x08004e88                _fwalk
 .text._fwalk_reent
                0x08004ed0       0x4c /home/mj/sat/bin/../lib/gcc/arm-none-eabi/4.8.3/../../../../arm-none-eabi/lib/armv7-m/libg.a(lib_a-fwalk.o)
                0x08004ed0                _fwalk_reent
 .text._malloc_r
                0x08004f1c      0x538 /home/mj/sat/bin/../lib/gcc/arm-none-eabi/4.8.3/../../../../arm-none-eabi/lib/armv7-m/libg.a(lib_a-mallocr.o)
                0x08004f1c                _malloc_r
 .text.__malloc_lock
                0x08005454        0x4 /home/mj/sat/bin/../lib/gcc/arm-none-eabi/4.8.3/../../../../arm-none-eabi/lib/armv7-m/libg.a(lib_a-mlock.o)
                0x08005454                __malloc_lock
 .text.__malloc_unlock
                0x08005458        0x4 /home/mj/sat/bin/../lib/gcc/arm-none-eabi/4.8.3/../../../../arm-none-eabi/lib/armv7-m/libg.a(lib_a-mlock.o)
                0x08005458                __malloc_unlock
 .text._puts_r  0x0800545c       0x60 /home/mj/sat/bin/../lib/gcc/arm-none-eabi/4.8.3/../../../../arm-none-eabi/lib/armv7-m/libg.a(lib_a-puts.o)
                0x0800545c                _puts_r
 .text.puts     0x080054bc       0x10 /home/mj/sat/bin/../lib/gcc/arm-none-eabi/4.8.3/../../../../arm-none-eabi/lib/armv7-m/libg.a(lib_a-puts.o)
                0x080054bc                puts
 .text._sbrk_r  0x080054cc       0x24 /home/mj/sat/bin/../lib/gcc/arm-none-eabi/4.8.3/../../../../arm-none-eabi/lib/armv7-m/libg.a(lib_a-sbrkr.o)
                0x080054cc                _sbrk_r
 .text.__sread  0x080054f0       0x24 /home/mj/sat/bin/../lib/gcc/arm-none-eabi/4.8.3/../../../../arm-none-eabi/lib/armv7-m/libg.a(lib_a-stdio.o)
                0x080054f0                __sread
 .text.__seofread
                0x08005514        0x4 /home/mj/sat/bin/../lib/gcc/arm-none-eabi/4.8.3/../../../../arm-none-eabi/lib/armv7-m/libg.a(lib_a-stdio.o)
                0x08005514                __seofread
 .text.__swrite
                0x08005518       0x38 /home/mj/sat/bin/../lib/gcc/arm-none-eabi/4.8.3/../../../../arm-none-eabi/lib/armv7-m/libg.a(lib_a-stdio.o)
                0x08005518                __swrite
 .text.__sseek  0x08005550       0x24 /home/mj/sat/bin/../lib/gcc/arm-none-eabi/4.8.3/../../../../arm-none-eabi/lib/armv7-m/libg.a(lib_a-stdio.o)
                0x08005550                __sseek
 .text.__sclose
                0x08005574        0x8 /home/mj/sat/bin/../lib/gcc/arm-none-eabi/4.8.3/../../../../arm-none-eabi/lib/armv7-m/libg.a(lib_a-stdio.o)
                0x08005574                __sclose
 .text.strlen   0x0800557c       0x60 /home/mj/sat/bin/../lib/gcc/arm-none-eabi/4.8.3/../../../../arm-none-eabi/lib/armv7-m/libg.a(lib_a-strlen.o)
                0x0800557c                strlen
 .text._write_r
                0x080055dc       0x28 /home/mj/sat/bin/../lib/gcc/arm-none-eabi/4.8.3/../../../../arm-none-eabi/lib/armv7-m/libg.a(lib_a-writer.o)
                0x080055dc                _write_r
 .text._close_r
                0x08005604       0x24 /home/mj/sat/bin/../lib/gcc/arm-none-eabi/4.8.3/../../../../arm-none-eabi/lib/armv7-m/libg.a(lib_a-closer.o)
                0x08005604                _close_r
 .text._fclose_r
                0x08005628       0x80 /home/mj/sat/bin/../lib/gcc/arm-none-eabi/4.8.3/../../../../arm-none-eabi/lib/armv7-m/libg.a(lib_a-fclose.o)
                0x08005628                _fclose_r
 .text.fclose   0x080056a8       0x10 /home/mj/sat/bin/../lib/gcc/arm-none-eabi/4.8.3/../../../../arm-none-eabi/lib/armv7-m/libg.a(lib_a-fclose.o)
                0x080056a8                fclose
 .text.__sflush_r
                0x080056b8      0x148 /home/mj/sat/bin/../lib/gcc/arm-none-eabi/4.8.3/../../../../arm-none-eabi/lib/armv7-m/libg.a(lib_a-fflush.o)
                0x080056b8                __sflush_r
 .text._fflush_r
                0x08005800       0x2c /home/mj/sat/bin/../lib/gcc/arm-none-eabi/4.8.3/../../../../arm-none-eabi/lib/armv7-m/libg.a(lib_a-fflush.o)
                0x08005800                _fflush_r
 .text.fflush   0x0800582c       0x24 /home/mj/sat/bin/../lib/gcc/arm-none-eabi/4.8.3/../../../../arm-none-eabi/lib/armv7-m/libg.a(lib_a-fflush.o)
                0x0800582c                fflush
 .text._malloc_trim_r
                0x08005850       0x9c /home/mj/sat/bin/../lib/gcc/arm-none-eabi/4.8.3/../../../../arm-none-eabi/lib/armv7-m/libg.a(lib_a-freer.o)
                0x08005850                _malloc_trim_r
 .text._free_r  0x080058ec      0x198 /home/mj/sat/bin/../lib/gcc/arm-none-eabi/4.8.3/../../../../arm-none-eabi/lib/armv7-m/libg.a(lib_a-freer.o)
                0x080058ec                _free_r
 .text.__sfvwrite_r
                0x08005a84      0x314 /home/mj/sat/bin/../lib/gcc/arm-none-eabi/4.8.3/../../../../arm-none-eabi/lib/armv7-m/libg.a(lib_a-fvwrite.o)
                0x08005a84                __sfvwrite_r
 .text._lseek_r
                0x08005d98       0x28 /home/mj/sat/bin/../lib/gcc/arm-none-eabi/4.8.3/../../../../arm-none-eabi/lib/armv7-m/libg.a(lib_a-lseekr.o)
                0x08005d98                _lseek_r
 .text.memchr   0x08005dc0       0x94 /home/mj/sat/bin/../lib/gcc/arm-none-eabi/4.8.3/../../../../arm-none-eabi/lib/armv7-m/libg.a(lib_a-memchr-stub.o)
                0x08005dc0                memchr
 .text.memmove  0x08005e54       0xcc /home/mj/sat/bin/../lib/gcc/arm-none-eabi/4.8.3/../../../../arm-none-eabi/lib/armv7-m/libg.a(lib_a-memmove.o)
                0x08005e54                memmove
 .text._read_r  0x08005f20       0x28 /home/mj/sat/bin/../lib/gcc/arm-none-eabi/4.8.3/../../../../arm-none-eabi/lib/armv7-m/libg.a(lib_a-readr.o)
                0x08005f20                _read_r
 .text._realloc_r
                0x08005f48      0x3c0 /home/mj/sat/bin/../lib/gcc/arm-none-eabi/4.8.3/../../../../arm-none-eabi/lib/armv7-m/libg.a(lib_a-reallocr.o)
                0x08005f48                _realloc_r
 .text.cleanup_glue
                0x08006308       0x1c /home/mj/sat/bin/../lib/gcc/arm-none-eabi/4.8.3/../../../../arm-none-eabi/lib/armv7-m/libg.a(lib_a-reent.o)
                0x08006308                cleanup_glue
 .text._reclaim_reent
                0x08006324       0x90 /home/mj/sat/bin/../lib/gcc/arm-none-eabi/4.8.3/../../../../arm-none-eabi/lib/armv7-m/libg.a(lib_a-reent.o)
                0x08006324                _reclaim_reent
 .text.__swsetup_r
                0x080063b4       0xc4 /home/mj/sat/bin/../lib/gcc/arm-none-eabi/4.8.3/../../../../arm-none-eabi/lib/armv7-m/libg.a(lib_a-wsetup.o)
                0x080063b4                __swsetup_r
 .text.__smakebuf_r
                0x08006478       0xe0 /home/mj/sat/bin/../lib/gcc/arm-none-eabi/4.8.3/../../../../arm-none-eabi/lib/armv7-m/libg.a(lib_a-makebuf.o)
                0x08006478                __smakebuf_r
 .text._fstat_r
                0x08006558       0x28 /home/mj/sat/bin/../lib/gcc/arm-none-eabi/4.8.3/../../../../arm-none-eabi/lib/armv7-m/libg.a(lib_a-fstatr.o)
                0x08006558                _fstat_r
 .text._isatty_r
                0x08006580       0x24 /home/mj/sat/bin/../lib/gcc/arm-none-eabi/4.8.3/../../../../arm-none-eabi/lib/armv7-m/libg.a(lib_a-isattyr.o)
                0x08006580                _isatty_r
 *(.rodata)
 .rodata        0x080065a4        0xc obj/main.o
 *(.rodata*)
 .rodata.str1.4
                0x080065b0        0x2 /home/mj/sat/bin/../lib/gcc/arm-none-eabi/4.8.3/../../../../arm-none-eabi/lib/armv7-m/libc.a(lib_a-impure.o)
                                  0x4 (size before relaxing)
 *fill*         0x080065b2        0x2 
 .rodata._global_impure_ptr
                0x080065b4        0x4 /home/mj/sat/bin/../lib/gcc/arm-none-eabi/4.8.3/../../../../arm-none-eabi/lib/armv7-m/libc.a(lib_a-impure.o)
                0x080065b4                _global_impure_ptr
 .rodata.str1.4
                0x080065b8        0x4 /home/mj/sat/bin/../lib/gcc/arm-none-eabi/4.8.3/../../../../arm-none-eabi/lib/armv7-m/librdimon.a(rdimon-syscalls.o)
 .rodata.str1.4
                0x080065bc        0x4 /home/mj/sat/bin/../lib/gcc/arm-none-eabi/4.8.3/../../../../arm-none-eabi/lib/armv7-m/libg.a(lib_a-puts.o)
                0x080065d8                _sidata = LOADADDR (.data)

.glue_7         0x080065c0        0x0
 .glue_7        0x00000000        0x0 linker stubs

.glue_7t        0x080065c0        0x0
 .glue_7t       0x00000000        0x0 linker stubs

.vfp11_veneer   0x080065c0        0x0
 .vfp11_veneer  0x00000000        0x0 linker stubs

.v4_bx          0x080065c0        0x0
 .v4_bx         0x00000000        0x0 linker stubs

.init           0x080065c0        0xc
 .init          0x080065c0        0x4 /home/mj/sat/bin/../lib/gcc/arm-none-eabi/4.8.3/armv7-m/crti.o
                0x080065c0                _init
 .init          0x080065c4        0x8 /home/mj/sat/bin/../lib/gcc/arm-none-eabi/4.8.3/armv7-m/crtn.o

.fini           0x080065cc        0xc
 .fini          0x080065cc        0x4 /home/mj/sat/bin/../lib/gcc/arm-none-eabi/4.8.3/armv7-m/crti.o
                0x080065cc                _fini
 .fini          0x080065d0        0x8 /home/mj/sat/bin/../lib/gcc/arm-none-eabi/4.8.3/armv7-m/crtn.o

.iplt           0x080065d8        0x0
 .iplt          0x00000000        0x0 /home/mj/sat/bin/../lib/gcc/arm-none-eabi/4.8.3/armv7-m/crtbegin.o

.rel.dyn        0x080065d8        0x0
 .rel.iplt      0x00000000        0x0 /home/mj/sat/bin/../lib/gcc/arm-none-eabi/4.8.3/armv7-m/crtbegin.o

.data           0x200001e0      0x97c load address 0x080065d8
                0x200001e0                . = ALIGN (0x4)
                0x200001e0                _sdata = .
 *(.data)
 .data          0x200001e0        0x0 /home/mj/sat/bin/../lib/gcc/arm-none-eabi/4.8.3/armv7-m/crti.o
 .data          0x200001e0        0x4 /home/mj/sat/bin/../lib/gcc/arm-none-eabi/4.8.3/armv7-m/crtbegin.o
                0x200001e0                __dso_handle
 .data          0x200001e4      0x110 /home/mj/sat/bin/../lib/gcc/arm-none-eabi/4.8.3/../../../../arm-none-eabi/lib/armv7-m/rdimon-crt0.o
                0x200001ec                __stack_base__
 .data          0x200002f4        0x0 /home/mj/sat/bin/../lib/gcc/arm-none-eabi/4.8.3/../../../../arm-none-eabi/lib/armv7-m/libc.a(lib_a-exit.o)
 .data          0x200002f4        0x0 /home/mj/sat/bin/../lib/gcc/arm-none-eabi/4.8.3/../../../../arm-none-eabi/lib/armv7-m/libc.a(lib_a-impure.o)
 .data          0x200002f4        0x0 /home/mj/sat/bin/../lib/gcc/arm-none-eabi/4.8.3/../../../../arm-none-eabi/lib/armv7-m/libc.a(lib_a-init.o)
 .data          0x200002f4        0x0 /home/mj/sat/bin/../lib/gcc/arm-none-eabi/4.8.3/../../../../arm-none-eabi/lib/armv7-m/libc.a(lib_a-memset.o)
 .data          0x200002f4        0x0 /home/mj/sat/bin/../lib/gcc/arm-none-eabi/4.8.3/../../../../arm-none-eabi/lib/armv7-m/libc.a(lib_a-__call_atexit.o)
 .data          0x200002f4        0x0 /home/mj/sat/bin/../lib/gcc/arm-none-eabi/4.8.3/../../../../arm-none-eabi/lib/armv7-m/libc.a(lib_a-atexit.o)
 .data          0x200002f4        0x0 /home/mj/sat/bin/../lib/gcc/arm-none-eabi/4.8.3/../../../../arm-none-eabi/lib/armv7-m/libc.a(lib_a-fini.o)
 .data          0x200002f4        0x0 /home/mj/sat/bin/../lib/gcc/arm-none-eabi/4.8.3/../../../../arm-none-eabi/lib/armv7-m/libc.a(lib_a-__atexit.o)
 .data          0x200002f4        0x0 /home/mj/sat/bin/../lib/gcc/arm-none-eabi/4.8.3/../../../../arm-none-eabi/lib/armv7-m/librdimon.a(rdimon-syscalls.o)
 .data          0x200002f4        0x0 /home/mj/sat/bin/../lib/gcc/arm-none-eabi/4.8.3/../../../../arm-none-eabi/lib/armv7-m/librdimon.a(rdimon-_exit.o)
 .data          0x200002f4        0x0 /home/mj/sat/bin/../lib/gcc/arm-none-eabi/4.8.3/../../../../arm-none-eabi/lib/armv7-m/librdimon.a(rdimon-_kill.o)
 .data          0x200002f4        0x0 obj/exceptions.o
 .data          0x200002f4        0x0 obj/hardfault_debug.o
 .data          0x200002f4        0x0 obj/main.o
 .data          0x200002f4        0x0 obj/misc.o
 .data          0x200002f4        0x0 obj/stm32f10x_gpio.o
 .data          0x200002f4       0x14 obj/stm32f10x_rcc.o
 .data          0x20000308        0x0 obj/stm32f10x_tim.o
 .data          0x20000308       0x14 obj/system_stm32f10x.o
                0x20000308                SystemCoreClock
                0x2000030c                AHBPrescTable
 .data          0x2000031c        0x0 obj/startup.o
 .data          0x2000031c        0x0 lib/libopencm3_stm32f1.a(gpio.o)
 .data          0x2000031c        0x0 lib/libopencm3_stm32f1.a(timer_common_all.o)
 .data          0x2000031c        0x0 lib/libopencm3_stm32f1.a(rcc_common_all.o)
 .data          0x2000031c        0x0 /home/mj/sat/bin/../lib/gcc/arm-none-eabi/4.8.3/../../../../arm-none-eabi/lib/armv7-m/libg.a(lib_a-errno.o)
 .data          0x2000031c        0x0 /home/mj/sat/bin/../lib/gcc/arm-none-eabi/4.8.3/../../../../arm-none-eabi/lib/armv7-m/libg.a(lib_a-findfp.o)
 .data          0x2000031c        0x0 /home/mj/sat/bin/../lib/gcc/arm-none-eabi/4.8.3/../../../../arm-none-eabi/lib/armv7-m/libg.a(lib_a-fwalk.o)
 .data          0x2000031c        0x0 /home/mj/sat/bin/../lib/gcc/arm-none-eabi/4.8.3/../../../../arm-none-eabi/lib/armv7-m/libg.a(lib_a-mallocr.o)
 .data          0x2000031c        0x0 /home/mj/sat/bin/../lib/gcc/arm-none-eabi/4.8.3/../../../../arm-none-eabi/lib/armv7-m/libg.a(lib_a-mlock.o)
 .data          0x2000031c        0x0 /home/mj/sat/bin/../lib/gcc/arm-none-eabi/4.8.3/../../../../arm-none-eabi/lib/armv7-m/libg.a(lib_a-puts.o)
 .data          0x2000031c        0x0 /home/mj/sat/bin/../lib/gcc/arm-none-eabi/4.8.3/../../../../arm-none-eabi/lib/armv7-m/libg.a(lib_a-sbrkr.o)
 .data          0x2000031c        0x0 /home/mj/sat/bin/../lib/gcc/arm-none-eabi/4.8.3/../../../../arm-none-eabi/lib/armv7-m/libg.a(lib_a-stdio.o)
 .data          0x2000031c        0x0 /home/mj/sat/bin/../lib/gcc/arm-none-eabi/4.8.3/../../../../arm-none-eabi/lib/armv7-m/libg.a(lib_a-strlen.o)
 .data          0x2000031c        0x0 /home/mj/sat/bin/../lib/gcc/arm-none-eabi/4.8.3/../../../../arm-none-eabi/lib/armv7-m/libg.a(lib_a-writer.o)
 .data          0x2000031c        0x0 /home/mj/sat/bin/../lib/gcc/arm-none-eabi/4.8.3/../../../../arm-none-eabi/lib/armv7-m/libg.a(lib_a-closer.o)
 .data          0x2000031c        0x0 /home/mj/sat/bin/../lib/gcc/arm-none-eabi/4.8.3/../../../../arm-none-eabi/lib/armv7-m/libg.a(lib_a-fclose.o)
 .data          0x2000031c        0x0 /home/mj/sat/bin/../lib/gcc/arm-none-eabi/4.8.3/../../../../arm-none-eabi/lib/armv7-m/libg.a(lib_a-fflush.o)
 .data          0x2000031c        0x0 /home/mj/sat/bin/../lib/gcc/arm-none-eabi/4.8.3/../../../../arm-none-eabi/lib/armv7-m/libg.a(lib_a-freer.o)
 .data          0x2000031c        0x0 /home/mj/sat/bin/../lib/gcc/arm-none-eabi/4.8.3/../../../../arm-none-eabi/lib/armv7-m/libg.a(lib_a-fvwrite.o)
 .data          0x2000031c        0x0 /home/mj/sat/bin/../lib/gcc/arm-none-eabi/4.8.3/../../../../arm-none-eabi/lib/armv7-m/libg.a(lib_a-lseekr.o)
 .data          0x2000031c        0x0 /home/mj/sat/bin/../lib/gcc/arm-none-eabi/4.8.3/../../../../arm-none-eabi/lib/armv7-m/libg.a(lib_a-memchr-stub.o)
 .data          0x2000031c        0x0 /home/mj/sat/bin/../lib/gcc/arm-none-eabi/4.8.3/../../../../arm-none-eabi/lib/armv7-m/libg.a(lib_a-memcpy.o)
 .data          0x2000031c        0x0 /home/mj/sat/bin/../lib/gcc/arm-none-eabi/4.8.3/../../../../arm-none-eabi/lib/armv7-m/libg.a(lib_a-memmove.o)
 .data          0x2000031c        0x0 /home/mj/sat/bin/../lib/gcc/arm-none-eabi/4.8.3/../../../../arm-none-eabi/lib/armv7-m/libg.a(lib_a-readr.o)
 .data          0x2000031c        0x0 /home/mj/sat/bin/../lib/gcc/arm-none-eabi/4.8.3/../../../../arm-none-eabi/lib/armv7-m/libg.a(lib_a-reallocr.o)
 .data          0x2000031c        0x0 /home/mj/sat/bin/../lib/gcc/arm-none-eabi/4.8.3/../../../../arm-none-eabi/lib/armv7-m/libg.a(lib_a-reent.o)
 .data          0x2000031c        0x0 /home/mj/sat/bin/../lib/gcc/arm-none-eabi/4.8.3/../../../../arm-none-eabi/lib/armv7-m/libg.a(lib_a-wsetup.o)
 .data          0x2000031c        0x0 /home/mj/sat/bin/../lib/gcc/arm-none-eabi/4.8.3/../../../../arm-none-eabi/lib/armv7-m/libg.a(lib_a-makebuf.o)
 .data          0x2000031c        0x0 /home/mj/sat/bin/../lib/gcc/arm-none-eabi/4.8.3/../../../../arm-none-eabi/lib/armv7-m/libg.a(lib_a-fstatr.o)
 .data          0x2000031c        0x0 /home/mj/sat/bin/../lib/gcc/arm-none-eabi/4.8.3/../../../../arm-none-eabi/lib/armv7-m/libg.a(lib_a-isattyr.o)
 .data          0x2000031c        0x0 /home/mj/sat/bin/../lib/gcc/arm-none-eabi/4.8.3/armv7-m/crtend.o
 .data          0x2000031c        0x0 /home/mj/sat/bin/../lib/gcc/arm-none-eabi/4.8.3/armv7-m/crtn.o
 *(.data*)
 *fill*         0x2000031c        0x4 
 .data.impure_data
                0x20000320      0x428 /home/mj/sat/bin/../lib/gcc/arm-none-eabi/4.8.3/../../../../arm-none-eabi/lib/armv7-m/libc.a(lib_a-impure.o)
 .data._impure_ptr
                0x20000748        0x4 /home/mj/sat/bin/../lib/gcc/arm-none-eabi/4.8.3/../../../../arm-none-eabi/lib/armv7-m/libc.a(lib_a-impure.o)
                0x20000748                _impure_ptr
 .data.__malloc_av_
                0x2000074c      0x408 /home/mj/sat/bin/../lib/gcc/arm-none-eabi/4.8.3/../../../../arm-none-eabi/lib/armv7-m/libg.a(lib_a-mallocr.o)
                0x2000074c                __malloc_av_
 .data.__malloc_trim_threshold
                0x20000b54        0x4 /home/mj/sat/bin/../lib/gcc/arm-none-eabi/4.8.3/../../../../arm-none-eabi/lib/armv7-m/libg.a(lib_a-mallocr.o)
                0x20000b54                __malloc_trim_threshold
 .data.__malloc_sbrk_base
                0x20000b58        0x4 /home/mj/sat/bin/../lib/gcc/arm-none-eabi/4.8.3/../../../../arm-none-eabi/lib/armv7-m/libg.a(lib_a-mallocr.o)
                0x20000b58                __malloc_sbrk_base
                0x20000b5c                . = ALIGN (0x4)
                0x20000b5c                _edata = .

.init_array     0x20000b5c        0x4 load address 0x08006f54
 .init_array    0x20000b5c        0x4 /home/mj/sat/bin/../lib/gcc/arm-none-eabi/4.8.3/armv7-m/crtbegin.o

.fini_array     0x20000b60        0x4 load address 0x08006f58
 .fini_array    0x20000b60        0x4 /home/mj/sat/bin/../lib/gcc/arm-none-eabi/4.8.3/armv7-m/crtbegin.o

.jcr            0x20000b64        0x4 load address 0x08006f5c
 .jcr           0x20000b64        0x0 /home/mj/sat/bin/../lib/gcc/arm-none-eabi/4.8.3/armv7-m/crtbegin.o
 .jcr           0x20000b64        0x4 /home/mj/sat/bin/../lib/gcc/arm-none-eabi/4.8.3/armv7-m/crtend.o

.igot.plt       0x20000b68        0x0 load address 0x08006f60
 .igot.plt      0x00000000        0x0 /home/mj/sat/bin/../lib/gcc/arm-none-eabi/4.8.3/armv7-m/crtbegin.o

.init_array.00000
                0x20000b68        0x4 load address 0x08006f60
 .init_array.00000
                0x20000b68        0x4 /home/mj/sat/bin/../lib/gcc/arm-none-eabi/4.8.3/../../../../arm-none-eabi/lib/armv7-m/libc.a(lib_a-__call_atexit.o)

.bss            0x20000b6c      0x108 load address 0x08006f64
                0x20000b6c                . = ALIGN (0x4)
                0x20000b6c                _sbss = .
                0x20000b6c                __bss_start__ = _sbss
 *(.bss)
 .bss           0x20000b6c        0x0 /home/mj/sat/bin/../lib/gcc/arm-none-eabi/4.8.3/armv7-m/crti.o
 .bss           0x20000b6c       0x1c /home/mj/sat/bin/../lib/gcc/arm-none-eabi/4.8.3/armv7-m/crtbegin.o
 .bss           0x20000b88        0x0 /home/mj/sat/bin/../lib/gcc/arm-none-eabi/4.8.3/../../../../arm-none-eabi/lib/armv7-m/rdimon-crt0.o
 .bss           0x20000b88        0x0 /home/mj/sat/bin/../lib/gcc/arm-none-eabi/4.8.3/../../../../arm-none-eabi/lib/armv7-m/libc.a(lib_a-exit.o)
 .bss           0x20000b88        0x0 /home/mj/sat/bin/../lib/gcc/arm-none-eabi/4.8.3/../../../../arm-none-eabi/lib/armv7-m/libc.a(lib_a-impure.o)
 .bss           0x20000b88        0x0 /home/mj/sat/bin/../lib/gcc/arm-none-eabi/4.8.3/../../../../arm-none-eabi/lib/armv7-m/libc.a(lib_a-init.o)
 .bss           0x20000b88        0x0 /home/mj/sat/bin/../lib/gcc/arm-none-eabi/4.8.3/../../../../arm-none-eabi/lib/armv7-m/libc.a(lib_a-memset.o)
 .bss           0x20000b88        0x0 /home/mj/sat/bin/../lib/gcc/arm-none-eabi/4.8.3/../../../../arm-none-eabi/lib/armv7-m/libc.a(lib_a-__call_atexit.o)
 .bss           0x20000b88        0x0 /home/mj/sat/bin/../lib/gcc/arm-none-eabi/4.8.3/../../../../arm-none-eabi/lib/armv7-m/libc.a(lib_a-atexit.o)
 .bss           0x20000b88        0x0 /home/mj/sat/bin/../lib/gcc/arm-none-eabi/4.8.3/../../../../arm-none-eabi/lib/armv7-m/libc.a(lib_a-fini.o)
 .bss           0x20000b88        0x0 /home/mj/sat/bin/../lib/gcc/arm-none-eabi/4.8.3/../../../../arm-none-eabi/lib/armv7-m/libc.a(lib_a-__atexit.o)
 .bss           0x20000b88        0x0 /home/mj/sat/bin/../lib/gcc/arm-none-eabi/4.8.3/../../../../arm-none-eabi/lib/armv7-m/librdimon.a(rdimon-syscalls.o)
 .bss           0x20000b88        0x0 /home/mj/sat/bin/../lib/gcc/arm-none-eabi/4.8.3/../../../../arm-none-eabi/lib/armv7-m/librdimon.a(rdimon-_exit.o)
 .bss           0x20000b88        0x0 /home/mj/sat/bin/../lib/gcc/arm-none-eabi/4.8.3/../../../../arm-none-eabi/lib/armv7-m/librdimon.a(rdimon-_kill.o)
 .bss           0x20000b88        0x0 obj/exceptions.o
 .bss           0x20000b88        0x0 obj/hardfault_debug.o
 .bss           0x20000b88        0x0 obj/main.o
 .bss           0x20000b88        0x0 obj/misc.o
 .bss           0x20000b88        0x0 obj/stm32f10x_gpio.o
 .bss           0x20000b88        0x0 obj/stm32f10x_rcc.o
 .bss           0x20000b88        0x0 obj/stm32f10x_tim.o
 .bss           0x20000b88        0x0 obj/system_stm32f10x.o
 .bss           0x20000b88        0x0 obj/startup.o
 .bss           0x20000b88        0x0 lib/libopencm3_stm32f1.a(gpio.o)
 .bss           0x20000b88        0x0 lib/libopencm3_stm32f1.a(timer_common_all.o)
 .bss           0x20000b88        0x0 lib/libopencm3_stm32f1.a(rcc_common_all.o)
 .bss           0x20000b88        0x0 /home/mj/sat/bin/../lib/gcc/arm-none-eabi/4.8.3/../../../../arm-none-eabi/lib/armv7-m/libg.a(lib_a-errno.o)
 .bss           0x20000b88        0x0 /home/mj/sat/bin/../lib/gcc/arm-none-eabi/4.8.3/../../../../arm-none-eabi/lib/armv7-m/libg.a(lib_a-findfp.o)
 .bss           0x20000b88        0x0 /home/mj/sat/bin/../lib/gcc/arm-none-eabi/4.8.3/../../../../arm-none-eabi/lib/armv7-m/libg.a(lib_a-fwalk.o)
 .bss           0x20000b88        0x0 /home/mj/sat/bin/../lib/gcc/arm-none-eabi/4.8.3/../../../../arm-none-eabi/lib/armv7-m/libg.a(lib_a-mallocr.o)
 .bss           0x20000b88        0x0 /home/mj/sat/bin/../lib/gcc/arm-none-eabi/4.8.3/../../../../arm-none-eabi/lib/armv7-m/libg.a(lib_a-mlock.o)
 .bss           0x20000b88        0x0 /home/mj/sat/bin/../lib/gcc/arm-none-eabi/4.8.3/../../../../arm-none-eabi/lib/armv7-m/libg.a(lib_a-puts.o)
 .bss           0x20000b88        0x0 /home/mj/sat/bin/../lib/gcc/arm-none-eabi/4.8.3/../../../../arm-none-eabi/lib/armv7-m/libg.a(lib_a-sbrkr.o)
 .bss           0x20000b88        0x0 /home/mj/sat/bin/../lib/gcc/arm-none-eabi/4.8.3/../../../../arm-none-eabi/lib/armv7-m/libg.a(lib_a-stdio.o)
 .bss           0x20000b88        0x0 /home/mj/sat/bin/../lib/gcc/arm-none-eabi/4.8.3/../../../../arm-none-eabi/lib/armv7-m/libg.a(lib_a-strlen.o)
 .bss           0x20000b88        0x0 /home/mj/sat/bin/../lib/gcc/arm-none-eabi/4.8.3/../../../../arm-none-eabi/lib/armv7-m/libg.a(lib_a-writer.o)
 .bss           0x20000b88        0x0 /home/mj/sat/bin/../lib/gcc/arm-none-eabi/4.8.3/../../../../arm-none-eabi/lib/armv7-m/libg.a(lib_a-closer.o)
 .bss           0x20000b88        0x0 /home/mj/sat/bin/../lib/gcc/arm-none-eabi/4.8.3/../../../../arm-none-eabi/lib/armv7-m/libg.a(lib_a-fclose.o)
 .bss           0x20000b88        0x0 /home/mj/sat/bin/../lib/gcc/arm-none-eabi/4.8.3/../../../../arm-none-eabi/lib/armv7-m/libg.a(lib_a-fflush.o)
 .bss           0x20000b88        0x0 /home/mj/sat/bin/../lib/gcc/arm-none-eabi/4.8.3/../../../../arm-none-eabi/lib/armv7-m/libg.a(lib_a-freer.o)
 .bss           0x20000b88        0x0 /home/mj/sat/bin/../lib/gcc/arm-none-eabi/4.8.3/../../../../arm-none-eabi/lib/armv7-m/libg.a(lib_a-fvwrite.o)
 .bss           0x20000b88        0x0 /home/mj/sat/bin/../lib/gcc/arm-none-eabi/4.8.3/../../../../arm-none-eabi/lib/armv7-m/libg.a(lib_a-lseekr.o)
 .bss           0x20000b88        0x0 /home/mj/sat/bin/../lib/gcc/arm-none-eabi/4.8.3/../../../../arm-none-eabi/lib/armv7-m/libg.a(lib_a-memchr-stub.o)
 .bss           0x20000b88        0x0 /home/mj/sat/bin/../lib/gcc/arm-none-eabi/4.8.3/../../../../arm-none-eabi/lib/armv7-m/libg.a(lib_a-memcpy.o)
 .bss           0x20000b88        0x0 /home/mj/sat/bin/../lib/gcc/arm-none-eabi/4.8.3/../../../../arm-none-eabi/lib/armv7-m/libg.a(lib_a-memmove.o)
 .bss           0x20000b88        0x0 /home/mj/sat/bin/../lib/gcc/arm-none-eabi/4.8.3/../../../../arm-none-eabi/lib/armv7-m/libg.a(lib_a-readr.o)
 .bss           0x20000b88        0x0 /home/mj/sat/bin/../lib/gcc/arm-none-eabi/4.8.3/../../../../arm-none-eabi/lib/armv7-m/libg.a(lib_a-reallocr.o)
 .bss           0x20000b88        0x0 /home/mj/sat/bin/../lib/gcc/arm-none-eabi/4.8.3/../../../../arm-none-eabi/lib/armv7-m/libg.a(lib_a-reent.o)
 .bss           0x20000b88        0x0 /home/mj/sat/bin/../lib/gcc/arm-none-eabi/4.8.3/../../../../arm-none-eabi/lib/armv7-m/libg.a(lib_a-wsetup.o)
 .bss           0x20000b88        0x0 /home/mj/sat/bin/../lib/gcc/arm-none-eabi/4.8.3/../../../../arm-none-eabi/lib/armv7-m/libg.a(lib_a-makebuf.o)
 .bss           0x20000b88        0x0 /home/mj/sat/bin/../lib/gcc/arm-none-eabi/4.8.3/../../../../arm-none-eabi/lib/armv7-m/libg.a(lib_a-fstatr.o)
 .bss           0x20000b88        0x0 /home/mj/sat/bin/../lib/gcc/arm-none-eabi/4.8.3/../../../../arm-none-eabi/lib/armv7-m/libg.a(lib_a-isattyr.o)
 .bss           0x20000b88        0x0 /home/mj/sat/bin/../lib/gcc/arm-none-eabi/4.8.3/armv7-m/crtend.o
 .bss           0x20000b88        0x0 /home/mj/sat/bin/../lib/gcc/arm-none-eabi/4.8.3/armv7-m/crtn.o
 *(.bss*)
 .bss.monitor_stdout
                0x20000b88        0x4 /home/mj/sat/bin/../lib/gcc/arm-none-eabi/4.8.3/../../../../arm-none-eabi/lib/armv7-m/librdimon.a(rdimon-syscalls.o)
 .bss.monitor_stdin
                0x20000b8c        0x4 /home/mj/sat/bin/../lib/gcc/arm-none-eabi/4.8.3/../../../../arm-none-eabi/lib/armv7-m/librdimon.a(rdimon-syscalls.o)
 .bss.heap_end.5787
                0x20000b90        0x4 /home/mj/sat/bin/../lib/gcc/arm-none-eabi/4.8.3/../../../../arm-none-eabi/lib/armv7-m/librdimon.a(rdimon-syscalls.o)
 .bss.monitor_stderr
                0x20000b94        0x4 /home/mj/sat/bin/../lib/gcc/arm-none-eabi/4.8.3/../../../../arm-none-eabi/lib/armv7-m/librdimon.a(rdimon-syscalls.o)
 .bss.openfiles
                0x20000b98       0xa0 /home/mj/sat/bin/../lib/gcc/arm-none-eabi/4.8.3/../../../../arm-none-eabi/lib/armv7-m/librdimon.a(rdimon-syscalls.o)
 .bss.__malloc_max_total_mem
                0x20000c38        0x4 /home/mj/sat/bin/../lib/gcc/arm-none-eabi/4.8.3/../../../../arm-none-eabi/lib/armv7-m/libg.a(lib_a-mallocr.o)
                0x20000c38                __malloc_max_total_mem
 .bss.__malloc_max_sbrked_mem
                0x20000c3c        0x4 /home/mj/sat/bin/../lib/gcc/arm-none-eabi/4.8.3/../../../../arm-none-eabi/lib/armv7-m/libg.a(lib_a-mallocr.o)
                0x20000c3c                __malloc_max_sbrked_mem
 .bss.__malloc_top_pad
                0x20000c40        0x4 /home/mj/sat/bin/../lib/gcc/arm-none-eabi/4.8.3/../../../../arm-none-eabi/lib/armv7-m/libg.a(lib_a-mallocr.o)
                0x20000c40                __malloc_top_pad
 .bss.__malloc_current_mallinfo
                0x20000c44       0x28 /home/mj/sat/bin/../lib/gcc/arm-none-eabi/4.8.3/../../../../arm-none-eabi/lib/armv7-m/libg.a(lib_a-mallocr.o)
                0x20000c44                __malloc_current_mallinfo
 *(COMMON)
 COMMON         0x20000c6c        0x4 obj/exceptions.o
                0x20000c6c                __stm32_tick
 COMMON         0x20000c70        0x4 /home/mj/sat/bin/../lib/gcc/arm-none-eabi/4.8.3/../../../../arm-none-eabi/lib/armv7-m/libg.a(lib_a-reent.o)
                0x20000c70                errno
                0x20000c74                . = ALIGN (0x4)
                0x20000c74                _ebss = .
                0x20000c74                __bss_end__ = _ebss
                0x20000c74                __end__ = .
                0x20000c74                PROVIDE (end, .)
OUTPUT(out/main.elf elf32-littlearm)

.ARM.attributes
                0x00000000       0x29
 .ARM.attributes
                0x00000000       0x1d /home/mj/sat/bin/../lib/gcc/arm-none-eabi/4.8.3/armv7-m/crti.o
 .ARM.attributes
                0x0000001d       0x2d /home/mj/sat/bin/../lib/gcc/arm-none-eabi/4.8.3/armv7-m/crtbegin.o
 .ARM.attributes
                0x0000004a       0x1b /home/mj/sat/bin/../lib/gcc/arm-none-eabi/4.8.3/../../../../arm-none-eabi/lib/armv7-m/rdimon-crt0.o
 .ARM.attributes
                0x00000065       0x2d /home/mj/sat/bin/../lib/gcc/arm-none-eabi/4.8.3/../../../../arm-none-eabi/lib/armv7-m/libc.a(lib_a-exit.o)
 .ARM.attributes
                0x00000092       0x2d /home/mj/sat/bin/../lib/gcc/arm-none-eabi/4.8.3/../../../../arm-none-eabi/lib/armv7-m/libc.a(lib_a-impure.o)
 .ARM.attributes
                0x000000bf       0x2d /home/mj/sat/bin/../lib/gcc/arm-none-eabi/4.8.3/../../../../arm-none-eabi/lib/armv7-m/libc.a(lib_a-init.o)
 .ARM.attributes
                0x000000ec       0x2d /home/mj/sat/bin/../lib/gcc/arm-none-eabi/4.8.3/../../../../arm-none-eabi/lib/armv7-m/libc.a(lib_a-memset.o)
 .ARM.attributes
                0x00000119       0x2d /home/mj/sat/bin/../lib/gcc/arm-none-eabi/4.8.3/../../../../arm-none-eabi/lib/armv7-m/libc.a(lib_a-__call_atexit.o)
 .ARM.attributes
                0x00000146       0x2d /home/mj/sat/bin/../lib/gcc/arm-none-eabi/4.8.3/../../../../arm-none-eabi/lib/armv7-m/libc.a(lib_a-atexit.o)
 .ARM.attributes
                0x00000173       0x2d /home/mj/sat/bin/../lib/gcc/arm-none-eabi/4.8.3/../../../../arm-none-eabi/lib/armv7-m/libc.a(lib_a-fini.o)
 .ARM.attributes
                0x000001a0       0x2d /home/mj/sat/bin/../lib/gcc/arm-none-eabi/4.8.3/../../../../arm-none-eabi/lib/armv7-m/libc.a(lib_a-__atexit.o)
 .ARM.attributes
                0x000001cd       0x2d /home/mj/sat/bin/../lib/gcc/arm-none-eabi/4.8.3/../../../../arm-none-eabi/lib/armv7-m/librdimon.a(rdimon-syscalls.o)
 .ARM.attributes
                0x000001fa       0x2d /home/mj/sat/bin/../lib/gcc/arm-none-eabi/4.8.3/../../../../arm-none-eabi/lib/armv7-m/librdimon.a(rdimon-_exit.o)
 .ARM.attributes
                0x00000227       0x2d /home/mj/sat/bin/../lib/gcc/arm-none-eabi/4.8.3/../../../../arm-none-eabi/lib/armv7-m/librdimon.a(rdimon-_kill.o)
 .ARM.attributes
                0x00000254       0x33 obj/exceptions.o
 .ARM.attributes
                0x00000287       0x33 obj/hardfault_debug.o
 .ARM.attributes
                0x000002ba       0x33 obj/main.o
 .ARM.attributes
                0x000002ed       0x33 obj/misc.o
 .ARM.attributes
                0x00000320       0x33 obj/stm32f10x_gpio.o
 .ARM.attributes
                0x00000353       0x33 obj/stm32f10x_rcc.o
 .ARM.attributes
                0x00000386       0x33 obj/stm32f10x_tim.o
 .ARM.attributes
                0x000003b9       0x33 obj/system_stm32f10x.o
 .ARM.attributes
                0x000003ec       0x21 obj/startup.o
 .ARM.attributes
                0x0000040d       0x33 lib/libopencm3_stm32f1.a(gpio.o)
 .ARM.attributes
                0x00000440       0x33 lib/libopencm3_stm32f1.a(timer_common_all.o)
 .ARM.attributes
                0x00000473       0x33 lib/libopencm3_stm32f1.a(rcc_common_all.o)
 .ARM.attributes
                0x000004a6       0x2d /home/mj/sat/bin/../lib/gcc/arm-none-eabi/4.8.3/../../../../arm-none-eabi/lib/armv7-m/libg.a(lib_a-errno.o)
 .ARM.attributes
                0x000004d3       0x2d /home/mj/sat/bin/../lib/gcc/arm-none-eabi/4.8.3/../../../../arm-none-eabi/lib/armv7-m/libg.a(lib_a-findfp.o)
 .ARM.attributes
                0x00000500       0x2d /home/mj/sat/bin/../lib/gcc/arm-none-eabi/4.8.3/../../../../arm-none-eabi/lib/armv7-m/libg.a(lib_a-fwalk.o)
 .ARM.attributes
                0x0000052d       0x2d /home/mj/sat/bin/../lib/gcc/arm-none-eabi/4.8.3/../../../../arm-none-eabi/lib/armv7-m/libg.a(lib_a-mallocr.o)
 .ARM.attributes
                0x0000055a       0x2d /home/mj/sat/bin/../lib/gcc/arm-none-eabi/4.8.3/../../../../arm-none-eabi/lib/armv7-m/libg.a(lib_a-mlock.o)
 .ARM.attributes
                0x00000587       0x2d /home/mj/sat/bin/../lib/gcc/arm-none-eabi/4.8.3/../../../../arm-none-eabi/lib/armv7-m/libg.a(lib_a-puts.o)
 .ARM.attributes
                0x000005b4       0x2d /home/mj/sat/bin/../lib/gcc/arm-none-eabi/4.8.3/../../../../arm-none-eabi/lib/armv7-m/libg.a(lib_a-sbrkr.o)
 .ARM.attributes
                0x000005e1       0x2d /home/mj/sat/bin/../lib/gcc/arm-none-eabi/4.8.3/../../../../arm-none-eabi/lib/armv7-m/libg.a(lib_a-stdio.o)
 .ARM.attributes
                0x0000060e       0x2d /home/mj/sat/bin/../lib/gcc/arm-none-eabi/4.8.3/../../../../arm-none-eabi/lib/armv7-m/libg.a(lib_a-strlen.o)
 .ARM.attributes
                0x0000063b       0x2d /home/mj/sat/bin/../lib/gcc/arm-none-eabi/4.8.3/../../../../arm-none-eabi/lib/armv7-m/libg.a(lib_a-writer.o)
 .ARM.attributes
                0x00000668       0x2d /home/mj/sat/bin/../lib/gcc/arm-none-eabi/4.8.3/../../../../arm-none-eabi/lib/armv7-m/libg.a(lib_a-closer.o)
 .ARM.attributes
                0x00000695       0x2d /home/mj/sat/bin/../lib/gcc/arm-none-eabi/4.8.3/../../../../arm-none-eabi/lib/armv7-m/libg.a(lib_a-fclose.o)
 .ARM.attributes
                0x000006c2       0x2d /home/mj/sat/bin/../lib/gcc/arm-none-eabi/4.8.3/../../../../arm-none-eabi/lib/armv7-m/libg.a(lib_a-fflush.o)
 .ARM.attributes
                0x000006ef       0x2d /home/mj/sat/bin/../lib/gcc/arm-none-eabi/4.8.3/../../../../arm-none-eabi/lib/armv7-m/libg.a(lib_a-freer.o)
 .ARM.attributes
                0x0000071c       0x2d /home/mj/sat/bin/../lib/gcc/arm-none-eabi/4.8.3/../../../../arm-none-eabi/lib/armv7-m/libg.a(lib_a-fvwrite.o)
 .ARM.attributes
                0x00000749       0x2d /home/mj/sat/bin/../lib/gcc/arm-none-eabi/4.8.3/../../../../arm-none-eabi/lib/armv7-m/libg.a(lib_a-lseekr.o)
 .ARM.attributes
                0x00000776       0x2d /home/mj/sat/bin/../lib/gcc/arm-none-eabi/4.8.3/../../../../arm-none-eabi/lib/armv7-m/libg.a(lib_a-memchr-stub.o)
 .ARM.attributes
                0x000007a3       0x1b /home/mj/sat/bin/../lib/gcc/arm-none-eabi/4.8.3/../../../../arm-none-eabi/lib/armv7-m/libg.a(lib_a-memcpy.o)
 .ARM.attributes
                0x000007be       0x2d /home/mj/sat/bin/../lib/gcc/arm-none-eabi/4.8.3/../../../../arm-none-eabi/lib/armv7-m/libg.a(lib_a-memmove.o)
 .ARM.attributes
                0x000007eb       0x2d /home/mj/sat/bin/../lib/gcc/arm-none-eabi/4.8.3/../../../../arm-none-eabi/lib/armv7-m/libg.a(lib_a-readr.o)
 .ARM.attributes
                0x00000818       0x2d /home/mj/sat/bin/../lib/gcc/arm-none-eabi/4.8.3/../../../../arm-none-eabi/lib/armv7-m/libg.a(lib_a-reallocr.o)
 .ARM.attributes
                0x00000845       0x2d /home/mj/sat/bin/../lib/gcc/arm-none-eabi/4.8.3/../../../../arm-none-eabi/lib/armv7-m/libg.a(lib_a-reent.o)
 .ARM.attributes
                0x00000872       0x2d /home/mj/sat/bin/../lib/gcc/arm-none-eabi/4.8.3/../../../../arm-none-eabi/lib/armv7-m/libg.a(lib_a-wsetup.o)
 .ARM.attributes
                0x0000089f       0x2d /home/mj/sat/bin/../lib/gcc/arm-none-eabi/4.8.3/../../../../arm-none-eabi/lib/armv7-m/libg.a(lib_a-makebuf.o)
 .ARM.attributes
                0x000008cc       0x2d /home/mj/sat/bin/../lib/gcc/arm-none-eabi/4.8.3/../../../../arm-none-eabi/lib/armv7-m/libg.a(lib_a-fstatr.o)
 .ARM.attributes
                0x000008f9       0x2d /home/mj/sat/bin/../lib/gcc/arm-none-eabi/4.8.3/../../../../arm-none-eabi/lib/armv7-m/libg.a(lib_a-isattyr.o)
 .ARM.attributes
                0x00000926       0x2d /home/mj/sat/bin/../lib/gcc/arm-none-eabi/4.8.3/armv7-m/crtend.o
 .ARM.attributes
                0x00000953       0x1d /home/mj/sat/bin/../lib/gcc/arm-none-eabi/4.8.3/armv7-m/crtn.o

.comment        0x00000000       0x70
 .comment       0x00000000       0x70 obj/exceptions.o
                                 0x71 (size before relaxing)
 .comment       0x00000000       0x71 obj/hardfault_debug.o
 .comment       0x00000000       0x71 obj/main.o
 .comment       0x00000000       0x71 obj/misc.o
 .comment       0x00000000       0x71 obj/stm32f10x_gpio.o
 .comment       0x00000000       0x71 obj/stm32f10x_rcc.o
 .comment       0x00000000       0x71 obj/stm32f10x_tim.o
 .comment       0x00000000       0x71 obj/system_stm32f10x.o
 .comment       0x00000000       0x71 lib/libopencm3_stm32f1.a(gpio.o)
 .comment       0x00000000       0x71 lib/libopencm3_stm32f1.a(timer_common_all.o)
 .comment       0x00000000       0x71 lib/libopencm3_stm32f1.a(rcc_common_all.o)

.debug_frame    0x00000000     0x2418
 .debug_frame   0x00000000       0x28 /home/mj/sat/bin/../lib/gcc/arm-none-eabi/4.8.3/../../../../arm-none-eabi/lib/armv7-m/libc.a(lib_a-exit.o)
 .debug_frame   0x00000028       0x2c /home/mj/sat/bin/../lib/gcc/arm-none-eabi/4.8.3/../../../../arm-none-eabi/lib/armv7-m/libc.a(lib_a-init.o)
 .debug_frame   0x00000054       0x2c /home/mj/sat/bin/../lib/gcc/arm-none-eabi/4.8.3/../../../../arm-none-eabi/lib/armv7-m/libc.a(lib_a-memset.o)
 .debug_frame   0x00000080       0x48 /home/mj/sat/bin/../lib/gcc/arm-none-eabi/4.8.3/../../../../arm-none-eabi/lib/armv7-m/libc.a(lib_a-__call_atexit.o)
 .debug_frame   0x000000c8       0x20 /home/mj/sat/bin/../lib/gcc/arm-none-eabi/4.8.3/../../../../arm-none-eabi/lib/armv7-m/libc.a(lib_a-atexit.o)
 .debug_frame   0x000000e8       0x2c /home/mj/sat/bin/../lib/gcc/arm-none-eabi/4.8.3/../../../../arm-none-eabi/lib/armv7-m/libc.a(lib_a-fini.o)
 .debug_frame   0x00000114       0x30 /home/mj/sat/bin/../lib/gcc/arm-none-eabi/4.8.3/../../../../arm-none-eabi/lib/armv7-m/libc.a(lib_a-__atexit.o)
 .debug_frame   0x00000144      0x2e8 /home/mj/sat/bin/../lib/gcc/arm-none-eabi/4.8.3/../../../../arm-none-eabi/lib/armv7-m/librdimon.a(rdimon-syscalls.o)
 .debug_frame   0x0000042c       0x20 /home/mj/sat/bin/../lib/gcc/arm-none-eabi/4.8.3/../../../../arm-none-eabi/lib/armv7-m/librdimon.a(rdimon-_exit.o)
 .debug_frame   0x0000044c       0x2c /home/mj/sat/bin/../lib/gcc/arm-none-eabi/4.8.3/../../../../arm-none-eabi/lib/armv7-m/librdimon.a(rdimon-_kill.o)
 .debug_frame   0x00000478       0xe8 obj/exceptions.o
 .debug_frame   0x00000560      0x1b4 obj/main.o
 .debug_frame   0x00000714       0x9c obj/misc.o
 .debug_frame   0x000007b0      0x210 obj/stm32f10x_gpio.o
 .debug_frame   0x000009c0      0x388 obj/stm32f10x_rcc.o
 .debug_frame   0x00000d48      0xa20 obj/stm32f10x_tim.o
 .debug_frame   0x00001768       0x80 obj/system_stm32f10x.o
 .debug_frame   0x000017e8       0x64 lib/libopencm3_stm32f1.a(gpio.o)
 .debug_frame   0x0000184c      0x4d8 lib/libopencm3_stm32f1.a(timer_common_all.o)
 .debug_frame   0x00001d24       0xa0 lib/libopencm3_stm32f1.a(rcc_common_all.o)
 .debug_frame   0x00001dc4       0x20 /home/mj/sat/bin/../lib/gcc/arm-none-eabi/4.8.3/../../../../arm-none-eabi/lib/armv7-m/libg.a(lib_a-errno.o)
 .debug_frame   0x00001de4      0x110 /home/mj/sat/bin/../lib/gcc/arm-none-eabi/4.8.3/../../../../arm-none-eabi/lib/armv7-m/libg.a(lib_a-findfp.o)
 .debug_frame   0x00001ef4       0x54 /home/mj/sat/bin/../lib/gcc/arm-none-eabi/4.8.3/../../../../arm-none-eabi/lib/armv7-m/libg.a(lib_a-fwalk.o)
 .debug_frame   0x00001f48       0x38 /home/mj/sat/bin/../lib/gcc/arm-none-eabi/4.8.3/../../../../arm-none-eabi/lib/armv7-m/libg.a(lib_a-mallocr.o)
 .debug_frame   0x00001f80       0x30 /home/mj/sat/bin/../lib/gcc/arm-none-eabi/4.8.3/../../../../arm-none-eabi/lib/armv7-m/libg.a(lib_a-mlock.o)
 .debug_frame   0x00001fb0       0x40 /home/mj/sat/bin/../lib/gcc/arm-none-eabi/4.8.3/../../../../arm-none-eabi/lib/armv7-m/libg.a(lib_a-puts.o)
 .debug_frame   0x00001ff0       0x2c /home/mj/sat/bin/../lib/gcc/arm-none-eabi/4.8.3/../../../../arm-none-eabi/lib/armv7-m/libg.a(lib_a-sbrkr.o)
 .debug_frame   0x0000201c       0x80 /home/mj/sat/bin/../lib/gcc/arm-none-eabi/4.8.3/../../../../arm-none-eabi/lib/armv7-m/libg.a(lib_a-stdio.o)
 .debug_frame   0x0000209c       0x20 /home/mj/sat/bin/../lib/gcc/arm-none-eabi/4.8.3/../../../../arm-none-eabi/lib/armv7-m/libg.a(lib_a-strlen.o)
 .debug_frame   0x000020bc       0x2c /home/mj/sat/bin/../lib/gcc/arm-none-eabi/4.8.3/../../../../arm-none-eabi/lib/armv7-m/libg.a(lib_a-writer.o)
 .debug_frame   0x000020e8       0x2c /home/mj/sat/bin/../lib/gcc/arm-none-eabi/4.8.3/../../../../arm-none-eabi/lib/armv7-m/libg.a(lib_a-closer.o)
 .debug_frame   0x00002114       0x3c /home/mj/sat/bin/../lib/gcc/arm-none-eabi/4.8.3/../../../../arm-none-eabi/lib/armv7-m/libg.a(lib_a-fclose.o)
 .debug_frame   0x00002150       0x5c /home/mj/sat/bin/../lib/gcc/arm-none-eabi/4.8.3/../../../../arm-none-eabi/lib/armv7-m/libg.a(lib_a-fflush.o)
 .debug_frame   0x000021ac       0x50 /home/mj/sat/bin/../lib/gcc/arm-none-eabi/4.8.3/../../../../arm-none-eabi/lib/armv7-m/libg.a(lib_a-freer.o)
 .debug_frame   0x000021fc       0x38 /home/mj/sat/bin/../lib/gcc/arm-none-eabi/4.8.3/../../../../arm-none-eabi/lib/armv7-m/libg.a(lib_a-fvwrite.o)
 .debug_frame   0x00002234       0x2c /home/mj/sat/bin/../lib/gcc/arm-none-eabi/4.8.3/../../../../arm-none-eabi/lib/armv7-m/libg.a(lib_a-lseekr.o)
 .debug_frame   0x00002260       0x2c /home/mj/sat/bin/../lib/gcc/arm-none-eabi/4.8.3/../../../../arm-none-eabi/lib/armv7-m/libg.a(lib_a-memchr-stub.o)
 .debug_frame   0x0000228c       0x2c /home/mj/sat/bin/../lib/gcc/arm-none-eabi/4.8.3/../../../../arm-none-eabi/lib/armv7-m/libg.a(lib_a-memmove.o)
 .debug_frame   0x000022b8       0x2c /home/mj/sat/bin/../lib/gcc/arm-none-eabi/4.8.3/../../../../arm-none-eabi/lib/armv7-m/libg.a(lib_a-readr.o)
 .debug_frame   0x000022e4       0x38 /home/mj/sat/bin/../lib/gcc/arm-none-eabi/4.8.3/../../../../arm-none-eabi/lib/armv7-m/libg.a(lib_a-reallocr.o)
 .debug_frame   0x0000231c       0x48 /home/mj/sat/bin/../lib/gcc/arm-none-eabi/4.8.3/../../../../arm-none-eabi/lib/armv7-m/libg.a(lib_a-reent.o)
 .debug_frame   0x00002364       0x2c /home/mj/sat/bin/../lib/gcc/arm-none-eabi/4.8.3/../../../../arm-none-eabi/lib/armv7-m/libg.a(lib_a-wsetup.o)
 .debug_frame   0x00002390       0x30 /home/mj/sat/bin/../lib/gcc/arm-none-eabi/4.8.3/../../../../arm-none-eabi/lib/armv7-m/libg.a(lib_a-makebuf.o)
 .debug_frame   0x000023c0       0x2c /home/mj/sat/bin/../lib/gcc/arm-none-eabi/4.8.3/../../../../arm-none-eabi/lib/armv7-m/libg.a(lib_a-fstatr.o)
 .debug_frame   0x000023ec       0x2c /home/mj/sat/bin/../lib/gcc/arm-none-eabi/4.8.3/../../../../arm-none-eabi/lib/armv7-m/libg.a(lib_a-isattyr.o)

.debug_info     0x00000000     0x50a2
 .debug_info    0x00000000      0x139 obj/exceptions.o
 .debug_info    0x00000139      0x3f0 obj/main.o
 .debug_info    0x00000529      0x4d7 obj/misc.o
 .debug_info    0x00000a00      0x6b4 obj/stm32f10x_gpio.o
 .debug_info    0x000010b4      0x85a obj/stm32f10x_rcc.o
 .debug_info    0x0000190e     0x1c25 obj/stm32f10x_tim.o
 .debug_info    0x00003533      0x311 obj/system_stm32f10x.o
 .debug_info    0x00003844       0x4d obj/startup.o
 .debug_info    0x00003891      0x1a7 lib/libopencm3_stm32f1.a(gpio.o)
 .debug_info    0x00003a38     0x1164 lib/libopencm3_stm32f1.a(timer_common_all.o)
 .debug_info    0x00004b9c      0x506 lib/libopencm3_stm32f1.a(rcc_common_all.o)

.debug_abbrev   0x00000000      0xcdf
 .debug_abbrev  0x00000000       0x78 obj/exceptions.o
 .debug_abbrev  0x00000078      0x19f obj/main.o
 .debug_abbrev  0x00000217      0x156 obj/misc.o
 .debug_abbrev  0x0000036d      0x1ca obj/stm32f10x_gpio.o
 .debug_abbrev  0x00000537      0x1bc obj/stm32f10x_rcc.o
 .debug_abbrev  0x000006f3      0x1b2 obj/stm32f10x_tim.o
 .debug_abbrev  0x000008a5      0x15d obj/system_stm32f10x.o
 .debug_abbrev  0x00000a02       0x12 obj/startup.o
 .debug_abbrev  0x00000a14       0xb4 lib/libopencm3_stm32f1.a(gpio.o)
 .debug_abbrev  0x00000ac8      0x159 lib/libopencm3_stm32f1.a(timer_common_all.o)
 .debug_abbrev  0x00000c21       0xbe lib/libopencm3_stm32f1.a(rcc_common_all.o)

.debug_aranges  0x00000000      0x418
 .debug_aranges
                0x00000000       0x20 obj/exceptions.o
 .debug_aranges
                0x00000020       0x20 obj/main.o
 .debug_aranges
                0x00000040       0x20 obj/misc.o
 .debug_aranges
                0x00000060       0x20 obj/stm32f10x_gpio.o
 .debug_aranges
                0x00000080       0x20 obj/stm32f10x_rcc.o
 .debug_aranges
                0x000000a0       0x20 obj/stm32f10x_tim.o
 .debug_aranges
                0x000000c0       0x20 obj/system_stm32f10x.o
 .debug_aranges
                0x000000e0       0x28 obj/startup.o
 .debug_aranges
                0x00000108       0x38 lib/libopencm3_stm32f1.a(gpio.o)
 .debug_aranges
                0x00000140      0x278 lib/libopencm3_stm32f1.a(timer_common_all.o)
 .debug_aranges
                0x000003b8       0x60 lib/libopencm3_stm32f1.a(rcc_common_all.o)

.debug_line     0x00000000     0x1615
 .debug_line    0x00000000       0xc2 obj/exceptions.o
 .debug_line    0x000000c2        0x0 obj/hardfault_debug.o
 .debug_line    0x000000c2      0x19e obj/main.o
 .debug_line    0x00000260       0xc9 obj/misc.o
 .debug_line    0x00000329      0x187 obj/stm32f10x_gpio.o
 .debug_line    0x000004b0      0x1e3 obj/stm32f10x_rcc.o
 .debug_line    0x00000693      0x46a obj/stm32f10x_tim.o
 .debug_line    0x00000afd      0x109 obj/system_stm32f10x.o
 .debug_line    0x00000c06       0x68 obj/startup.o